Component: ARM Compiler 5.06 update 5 (build 528) Tool: armlink [4d35e2]

==============================================================================

Section Cross References

    main.o(i.ANO_DT_Send_ADS) refers to main.o(i.get_volt) for get_volt
    main.o(i.ANO_DT_Send_ADS) refers to stm32f10x_usart.o(i.USART_SendData) for USART_SendData
    main.o(i.ANO_DT_Send_ADS) refers to delay.o(i.delay_us) for delay_us
    main.o(i.ANO_DT_Send_ADS) refers to ads1292.o(.bss) for ads1292_Cache
    main.o(i.ANO_DT_Send_Sensor) refers to fmul.o(x$fpl$fmul) for __aeabi_fmul
    main.o(i.ANO_DT_Send_Sensor) refers to ffix.o(x$fpl$ffix) for __aeabi_f2iz
    main.o(i.ANO_DT_Send_Sensor) refers to stm32f10x_usart.o(i.USART_SendData) for USART_SendData
    main.o(i.ANO_DT_Send_Sensor) refers to delay.o(i.delay_us) for delay_us
    main.o(i.ANO_DT_Send_bushu) refers to stm32f10x_usart.o(i.USART_SendData) for USART_SendData
    main.o(i.ANO_DT_Send_bushu) refers to delay.o(i.delay_us) for delay_us
    main.o(i.ANO_DT_Send_heartbeat) refers to stm32f10x_usart.o(i.USART_SendData) for USART_SendData
    main.o(i.ANO_DT_Send_heartbeat) refers to delay.o(i.delay_us) for delay_us
    main.o(i.ANO_DT_Send_juli) refers to ffix.o(x$fpl$ffix) for __aeabi_f2iz
    main.o(i.ANO_DT_Send_juli) refers to stm32f10x_usart.o(i.USART_SendData) for USART_SendData
    main.o(i.ANO_DT_Send_juli) refers to delay.o(i.delay_us) for delay_us
    main.o(i.ANO_DT_Send_temperature) refers to ffix.o(x$fpl$ffix) for __aeabi_f2iz
    main.o(i.ANO_DT_Send_temperature) refers to stm32f10x_usart.o(i.USART_SendData) for USART_SendData
    main.o(i.ANO_DT_Send_temperature) refers to delay.o(i.delay_us) for delay_us
    main.o(i.F2S) refers to feqf.o(x$fpl$feqf) for __aeabi_cfcmpeq
    main.o(i.F2S) refers to ffix.o(x$fpl$ffix) for __aeabi_f2iz
    main.o(i.F2S) refers to fflt_clz.o(x$fpl$fflt) for __aeabi_i2f
    main.o(i.F2S) refers to faddsub_clz.o(x$fpl$frsb) for __aeabi_frsub
    main.o(i.F2S) refers to fmul.o(x$fpl$fmul) for __aeabi_fmul
    main.o(i.get_temp) refers to adc.o(i.Get_Adc) for Get_Adc
    main.o(i.get_temp) refers to fflt_clz.o(x$fpl$fflt) for __aeabi_i2f
    main.o(i.get_temp) refers to f2d.o(x$fpl$f2d) for __aeabi_f2d
    main.o(i.get_temp) refers to dmul.o(x$fpl$dmul) for __aeabi_dmul
    main.o(i.get_temp) refers to d2f.o(x$fpl$d2f) for __aeabi_d2f
    main.o(i.get_temp) refers to daddsub_clz.o(x$fpl$dsub) for __aeabi_dsub
    main.o(i.get_temp) refers to daddsub_clz.o(x$fpl$dadd) for __aeabi_dadd
    main.o(i.get_temp) refers to delay.o(i.delay_ms) for delay_ms
    main.o(i.get_temp) refers to faddsub_clz.o(x$fpl$fsub) for __aeabi_fsub
    main.o(i.get_temp) refers to frleqf.o(x$fpl$frleqf) for __aeabi_cfrcmple
    main.o(i.get_temp) refers to fleqf.o(x$fpl$fleqf) for __aeabi_cfcmple
    main.o(i.get_temp) refers to faddsub_clz.o(x$fpl$fadd) for __aeabi_fadd
    main.o(i.get_temp) refers to fdiv.o(x$fpl$fdiv) for __aeabi_fdiv
    main.o(i.main) refers to system_stm32f10x.o(i.SystemInit) for SystemInit
    main.o(i.main) refers to delay.o(i.delay_init) for delay_init
    main.o(i.main) refers to delay.o(i.delay_ms) for delay_ms
    main.o(i.main) refers to misc.o(i.NVIC_PriorityGroupConfig) for NVIC_PriorityGroupConfig
    main.o(i.main) refers to usart.o(i.uart_init) for uart_init
    main.o(i.main) refers to mpu6050.o(i.MPU_Init) for MPU_Init
    main.o(i.main) refers to adc.o(i.Adc_Init) for Adc_Init
    main.o(i.main) refers to led.o(i.LED_Init) for LED_Init
    main.o(i.main) refers to key.o(i.KEY_Init) for KEY_Init
    main.o(i.main) refers to exti.o(i.EXTIX_Init) for EXTIX_Init
    main.o(i.main) refers to sys.o(i.DisableJTAG) for DisableJTAG
    main.o(i.main) refers to lcd.o(i.LCD_GPIO_Conf) for LCD_GPIO_Conf
    main.o(i.main) refers to lcd.o(i.LCD_Init) for LCD_Init
    main.o(i.main) refers to lcd.o(i.dsp_single_colour) for dsp_single_colour
    main.o(i.main) refers to ads1292.o(i.ADS1292_Init) for ADS1292_Init
    main.o(i.main) refers to lcd.o(i.Draw_String) for Draw_String
    main.o(i.main) refers to inv_mpu.o(i.mpu_dmp_init) for mpu_dmp_init
    main.o(i.main) refers to inv_mpu_dmp_motion_driver.o(i.dmp_set_pedometer_step_count) for dmp_set_pedometer_step_count
    main.o(i.main) refers to ads1292.o(i.Set_ADS1292_Collect) for Set_ADS1292_Collect
    main.o(i.main) refers to timer.o(i.TIM2_Init) for TIM2_Init
    main.o(i.main) refers to stm32f10x_gpio.o(i.GPIO_ResetBits) for GPIO_ResetBits
    main.o(i.main) refers to main.o(i.get_temp) for get_temp
    main.o(i.main) refers to inv_mpu_dmp_motion_driver.o(i.dmp_get_pedometer_step_count) for dmp_get_pedometer_step_count
    main.o(i.main) refers to dflt_clz.o(x$fpl$dflt) for __aeabi_i2d
    main.o(i.main) refers to dmul.o(x$fpl$dmul) for __aeabi_dmul
    main.o(i.main) refers to d2f.o(x$fpl$d2f) for __aeabi_d2f
    main.o(i.main) refers to main.o(i.F2S) for F2S
    main.o(i.main) refers to fflt_clz.o(x$fpl$fflt) for __aeabi_i2f
[...]
    Heap_Mem                                 0x20000338   Data         512  startup_stm32f10x_hd.o(HEAP)
    STACK                                    0x20000538   Section     1024  startup_stm32f10x_hd.o(STACK)
    Stack_Mem                                0x20000538   Data        1024  startup_stm32f10x_hd.o(STACK)
    __initial_sp                             0x20000938   Data           0  startup_stm32f10x_hd.o(STACK)

    Global Symbols

    Symbol Name                              Value     Ov Type        Size  Object(Section)

    BuildAttributes$$THM_ISAv4$P$D$K$B$S$PE$A:L22UL41UL21$X:L11$S22US41US21$IEEE1$IW$USESV6$~STKCKD$USESV7$~SHL$OTIME$ROPI$IEEEX$EBA8$UX$STANDARDLIB$REQ8$PRES8$EABIv2 0x00000000   Number         0  anon$$obj.o ABSOLUTE
    __ARM_use_no_argv                        0x00000000   Number         0  main.o ABSOLUTE
    _printf_flags                            0x00000000   Number         0  printf_stubs.o ABSOLUTE
    _printf_return_value                     0x00000000   Number         0  printf_stubs.o ABSOLUTE
    _printf_sizespec                         0x00000000   Number         0  printf_stubs.o ABSOLUTE
    _printf_widthprec                        0x00000000   Number         0  printf_stubs.o ABSOLUTE
    __ARM_exceptions_init                     - Undefined Weak Reference
    __alloca_initialize                       - Undefined Weak Reference
    __arm_preinit_                            - Undefined Weak Reference
    __cpp_initialize__aeabi_                  - Undefined Weak Reference
    __cxa_finalize                            - Undefined Weak Reference
    __rt_locale                               - Undefined Weak Reference
    __sigvec_lookup                           - Undefined Weak Reference
    _atexit_init                              - Undefined Weak Reference
    _call_atexit_fns                          - Undefined Weak Reference
    _clock_init                               - Undefined Weak Reference
    _fp_trap_init                             - Undefined Weak Reference
    _fp_trap_shutdown                         - Undefined Weak Reference
    _get_lc_collate                           - Undefined Weak Reference
    _get_lc_ctype                             - Undefined Weak Reference
    _get_lc_monetary                          - Undefined Weak Reference
    _get_lc_numeric                           - Undefined Weak Reference
    _get_lc_time                              - Undefined Weak Reference
    _getenv_init                              - Undefined Weak Reference
    _handle_redirection                       - Undefined Weak Reference
    _init_alloc                               - Undefined Weak Reference
    _init_user_alloc                          - Undefined Weak Reference
    _initio                                   - Undefined Weak Reference
    _mutex_acquire                            - Undefined Weak Reference
    _mutex_release                            - Undefined Weak Reference
    _printf_mbtowc                            - Undefined Weak Reference
    _printf_truncate_signed                   - Undefined Weak Reference
    _printf_truncate_unsigned                 - Undefined Weak Reference
    _rand_init                                - Undefined Weak Reference
    _signal_finish                            - Undefined Weak Reference
    _signal_init                              - Undefined Weak Reference
    _terminate_alloc                          - Undefined Weak Reference
    _terminate_user_alloc                     - Undefined Weak Reference
    _terminateio                              - Undefined Weak Reference
    __Vectors_Size                           0x00000130   Number         0  startup_stm32f10x_hd.o ABSOLUTE
    __Vectors                                0x08000000   Data           4  startup_stm32f10x_hd.o(RESET)
    __Vectors_End                            0x08000130   Data           0  startup_stm32f10x_hd.o(RESET)
    __main                                   0x08000131   Thumb Code     8  __main.o(!!!main)
    __scatterload                            0x08000139   Thumb Code     0  __scatter.o(!!!scatter)
    __scatterload_rt2                        0x08000139   Thumb Code    44  __scatter.o(!!!scatter)
    __scatterload_rt2_thumb_only             0x08000139   Thumb Code     0  __scatter.o(!!!scatter)
    __scatterload_null                       0x08000147   Thumb Code     0  __scatter.o(!!!scatter)
    __decompress                             0x0800016d   Thumb Code    90  __dczerorl2.o(!!dczerorl2)
    __decompress1                            0x0800016d   Thumb Code     0  __dczerorl2.o(!!dczerorl2)
    __scatterload_zeroinit                   0x080001c9   Thumb Code    28  __scatter_zi.o(!!handler_zi)
    _printf_d                                0x080001e5   Thumb Code     0  _printf_d.o(.ARM.Collect$$_printf_percent$$00000009)
    _printf_percent                          0x080001e5   Thumb Code     0  _printf_percent.o(.ARM.Collect$$_printf_percent$$00000000)
    _printf_u                                0x080001eb   Thumb Code     0  _printf_u.o(.ARM.Collect$$_printf_percent$$0000000A)
    _printf_x                                0x080001f1   Thumb Code     0  _printf_x.o(.ARM.Collect$$_printf_percent$$0000000C)
    _printf_c                                0x080001f7   Thumb Code     0  _printf_c.o(.ARM.Collect$$_printf_percent$$00000013)
    _printf_s                                0x080001fd   Thumb Code     0  _printf_s.o(.ARM.Collect$$_printf_percent$$00000014)
    _printf_percent_end                      0x08000203   Thumb Code     0  _printf_percent_end.o(.ARM.Collect$$_printf_percent$$00000017)
    __rt_lib_init                            0x08000207   Thumb Code     0  libinit.o(.ARM.Collect$$libinit$$00000000)
    __rt_lib_init_alloca_1                   0x08000209   Thumb Code     0  libinit2.o(.ARM.Collect$$libinit$$0000002E)
    __rt_lib_init_argv_1                     0x08000209   Thumb Code     0  libinit2.o(.ARM.Collect$$libinit$$0000002C)
    __rt_lib_init_atexit_1                   0x08000209   Thumb Code     0  libinit2.o(.ARM.Collect$$libinit$$0000001B)
    __rt_lib_init_clock_1                    0x08000209   Thumb Code     0  libinit2.o(.ARM.Collect$$libinit$$00000021)
    __rt_lib_init_cpp_1                      0x08000209   Thumb Code     0  libinit2.o(.ARM.Collect$$libinit$$00000032)
    __rt_lib_init_exceptions_1               0x08000209   Thumb Code     0  libinit2.o(.ARM.Collect$$libinit$$00000030)
    __rt_lib_init_fp_1                       0x08000209   Thumb Code     0  libinit2.o(.ARM.Collect$$libinit$$00000002)
    __rt_lib_init_fp_trap_1                  0x08000209   Thumb Code     0  libinit2.o(.ARM.Collect$$libinit$$0000001F)
    __rt_lib_init_getenv_1                   0x08000209   Thumb Code     0  libinit2.o(.ARM.Collect$$libinit$$00000023)
    __rt_lib_init_heap_1                     0x08000209   Thumb Code     0  libinit2.o(.ARM.Collect$$libinit$$0000000A)
    __rt_lib_init_lc_collate_1               0x08000209   Thumb Code     0  libinit2.o(.ARM.Collect$$libinit$$00000011)
    __rt_lib_init_lc_ctype_1                 0x08000209   Thumb Code     0  libinit2.o(.ARM.Collect$$libinit$$00000013)
    __rt_lib_init_lc_monetary_1              0x08000209   Thumb Code     0  libinit2.o(.ARM.Collect$$libinit$$00000015)
    __rt_lib_init_lc_numeric_1               0x08000209   Thumb Code     0  libinit2.o(.ARM.Collect$$libinit$$00000017)
    __rt_lib_init_lc_time_1                  0x08000209   Thumb Code     0  libinit2.o(.ARM.Collect$$libinit$$00000019)
    __rt_lib_init_preinit_1                  0x08000209   Thumb Code     0  libinit2.o(.ARM.Collect$$libinit$$00000004)
    __rt_lib_init_rand_1                     0x08000209   Thumb Code     0  libinit2.o(.ARM.Collect$$libinit$$0000000E)
    __rt_lib_init_return                     0x08000209   Thumb Code     0  libinit2.o(.ARM.Collect$$libinit$$00000033)
    __rt_lib_init_signal_1                   0x08000209   Thumb Code     0  libinit2.o(.ARM.Collect$$libinit$$0000001D)
    __rt_lib_init_stdio_1                    0x08000209   Thumb Code     0  libinit2.o(.ARM.Collect$$libinit$$00000025)
    __rt_lib_init_user_alloc_1               0x08000209   Thumb Code     0  libinit2.o(.ARM.Collect$$libinit$$0000000C)
    __rt_lib_shutdown                        0x0800020b   Thumb Code     0  libshutdown.o(.ARM.Collect$$libshutdown$$00000000)
    __rt_lib_shutdown_cpp_1                  0x0800020d   Thumb Code     0  libshutdown2.o(.ARM.Collect$$libshutdown$$00000002)
    __rt_lib_shutdown_fp_trap_1              0x0800020d   Thumb Code     0  libshutdown2.o(.ARM.Collect$$libshutdown$$00000007)
    __rt_lib_shutdown_heap_1                 0x0800020d   Thumb Code     0  libshutdown2.o(.ARM.Collect$$libshutdown$$0000000F)
    __rt_lib_shutdown_return                 0x0800020d   Thumb Code     0  libshutdown2.o(.ARM.Collect$$libshutdown$$00000010)
    __rt_lib_shutdown_signal_1               0x0800020d   Thumb Code     0  libshutdown2.o(.ARM.Collect$$libshutdown$$0000000A)
    __rt_lib_shutdown_stdio_1                0x0800020d   Thumb Code     0  libshutdown2.o(.ARM.Collect$$libshutdown$$00000004)
    __rt_lib_shutdown_user_alloc_1           0x0800020d   Thumb Code     0  libshutdown2.o(.ARM.Collect$$libshutdown$$0000000C)
    __rt_entry                               0x0800020f   Thumb Code     0  __rtentry.o(.ARM.Collect$$rtentry$$00000000)
    __rt_entry_presh_1                       0x0800020f   Thumb Code     0  __rtentry2.o(.ARM.Collect$$rtentry$$00000002)
    __rt_entry_sh                            0x0800020f   Thumb Code     0  __rtentry4.o(.ARM.Collect$$rtentry$$00000004)
    __rt_entry_li                            0x08000215   Thumb Code     0  __rtentry2.o(.ARM.Collect$$rtentry$$0000000A)
    __rt_entry_postsh_1                      0x08000215   Thumb Code     0  __rtentry2.o(.ARM.Collect$$rtentry$$00000009)
    __rt_entry_main                          0x08000219   Thumb Code     0  __rtentry2.o(.ARM.Collect$$rtentry$$0000000D)
    __rt_entry_postli_1                      0x08000219   Thumb Code     0  __rtentry2.o(.ARM.Collect$$rtentry$$0000000C)
    __rt_exit                                0x08000221   Thumb Code     0  rtexit.o(.ARM.Collect$$rtexit$$00000000)
    __rt_exit_ls                             0x08000223   Thumb Code     0  rtexit2.o(.ARM.Collect$$rtexit$$00000003)
    __rt_exit_prels_1                        0x08000223   Thumb Code     0  rtexit2.o(.ARM.Collect$$rtexit$$00000002)
    __rt_exit_exit                           0x08000227   Thumb Code     0  rtexit2.o(.ARM.Collect$$rtexit$$00000004)
    Reset_Handler                            0x0800022d   Thumb Code     8  startup_stm32f10x_hd.o(.text)
    ADC1_2_IRQHandler                        0x08000247   Thumb Code     0  startup_stm32f10x_hd.o(.text)
    ADC3_IRQHandler                          0x08000247   Thumb Code     0  startup_stm32f10x_hd.o(.text)
    CAN1_RX1_IRQHandler                      0x08000247   Thumb Code     0  startup_stm32f10x_hd.o(.text)
    CAN1_SCE_IRQHandler                      0x08000247   Thumb Code     0  startup_stm32f10x_hd.o(.text)
    DMA1_Channel1_IRQHandler                 0x08000247   Thumb Code     0  startup_stm32f10x_hd.o(.text)
    DMA1_Channel2_IRQHandler                 0x08000247   Thumb Code     0  startup_stm32f10x_hd.o(.text)
    DMA1_Channel3_IRQHandler                 0x08000247   Thumb Code     0  startup_stm32f10x_hd.o(.text)
    DMA1_Channel4_IRQHandler                 0x08000247   Thumb Code     0  startup_stm32f10x_hd.o(.text)
    DMA1_Channel5_IRQHandler                 0x08000247   Thumb Code     0  startup_stm32f10x_hd.o(.text)
    DMA1_Channel6_IRQHandler                 0x08000247   Thumb Code     0  startup_stm32f10x_hd.o(.text)
    DMA1_Channel7_IRQHandler                 0x08000247   Thumb Code     0  startup_stm32f10x_hd.o(.text)
    DMA2_Channel1_IRQHandler                 0x08000247   Thumb Code     0  startup_stm32f10x_hd.o(.text)
    DMA2_Channel2_IRQHandler                 0x08000247   Thumb Code     0  startup_stm32f10x_hd.o(.text)
    DMA2_Channel3_IRQHandler                 0x08000247   Thumb Code     0  startup_stm32f10x_hd.o(.text)
    DMA2_Channel4_5_IRQHandler               0x08000247   Thumb Code     0  startup_stm32f10x_hd.o(.text)
    EXTI15_10_IRQHandler                     0x08000247   Thumb Code     0  startup_stm32f10x_hd.o(.text)
    EXTI1_IRQHandler                         0x08000247   Thumb Code     0  startup_stm32f10x_hd.o(.text)
    EXTI2_IRQHandler                         0x08000247   Thumb Code     0  startup_stm32f10x_hd.o(.text)
    EXTI3_IRQHandler                         0x08000247   Thumb Code     0  startup_stm32f10x_hd.o(.text)
    FLASH_IRQHandler                         0x08000247   Thumb Code     0  startup_stm32f10x_hd.o(.text)
    FSMC_IRQHandler                          0x08000247   Thumb Code     0  startup_stm32f10x_hd.o(.text)
    I2C1_ER_IRQHandler                       0x08000247   Thumb Code     0  startup_stm32f10x_hd.o(.text)
    I2C1_EV_IRQHandler                       0x08000247   Thumb Code     0  startup_stm32f10x_hd.o(.text)
    I2C2_ER_IRQHandler                       0x08000247   Thumb Code     0  startup_stm32f10x_hd.o(.text)
    I2C2_EV_IRQHandler                       0x08000247   Thumb Code     0  startup_stm32f10x_hd.o(.text)
    PVD_IRQHandler                           0x08000247   Thumb Code     0  startup_stm32f10x_hd.o(.text)
    RCC_IRQHandler                           0x08000247   Thumb Code     0  startup_stm32f10x_hd.o(.text)
    RTCAlarm_IRQHandler                      0x08000247   Thumb Code     0  startup_stm32f10x_hd.o(.text)
    RTC_IRQHandler                           0x08000247   Thumb Code     0  startup_stm32f10x_hd.o(.text)
    SDIO_IRQHandler                          0x08000247   Thumb Code     0  startup_stm32f10x_hd.o(.text)
    SPI1_IRQHandler                          0x08000247   Thumb Code     0  startup_stm32f10x_hd.o(.text)
    SPI2_IRQHandler                          0x08000247   Thumb Code     0  startup_stm32f10x_hd.o(.text)
    SPI3_IRQHandler                          0x08000247   Thumb Code     0  startup_stm32f10x_hd.o(.text)
    TAMPER_IRQHandler                        0x08000247   Thumb Code     0  startup_stm32f10x_hd.o(.text)
    TIM1_BRK_IRQHandler                      0x08000247   Thumb Code     0  startup_stm32f10x_hd.o(.text)
    TIM1_CC_IRQHandler                       0x08000247   Thumb Code     0  startup_stm32f10x_hd.o(.text)
    TIM1_TRG_COM_IRQHandler                  0x08000247   Thumb Code     0  startup_stm32f10x_hd.o(.text)
    TIM1_UP_IRQHandler                       0x08000247   Thumb Code     0  startup_stm32f10x_hd.o(.text)
    TIM6_IRQHandler                          0x08000247   Thumb Code     0  startup_stm32f10x_hd.o(.text)
    TIM7_IRQHandler                          0x08000247   Thumb Code     0  startup_stm32f10x_hd.o(.text)
    TIM8_BRK_IRQHandler                      0x08000247   Thumb Code     0  startup_stm32f10x_hd.o(.text)
    TIM8_CC_IRQHandler                       0x08000247   Thumb Code     0  startup_stm32f10x_hd.o(.text)
    TIM8_TRG_COM_IRQHandler                  0x08000247   Thumb Code     0  startup_stm32f10x_hd.o(.text)
    TIM8_UP_IRQHandler                       0x08000247   Thumb Code     0  startup_stm32f10x_hd.o(.text)
    UART4_IRQHandler                         0x08000247   Thumb Code     0  startup_stm32f10x_hd.o(.text)
    UART5_IRQHandler                         0x08000247   Thumb Code     0  startup_stm32f10x_hd.o(.text)
    USART2_IRQHandler                        0x08000247   Thumb Code     0  startup_stm32f10x_hd.o(.text)
    USART3_IRQHandler                        0x08000247   Thumb Code     0  startup_stm32f10x_hd.o(.text)
    USBWakeUp_IRQHandler                     0x08000247   Thumb Code     0  startup_stm32f10x_hd.o(.text)
    USB_HP_CAN1_TX_IRQHandler                0x08000247   Thumb Code     0  startup_stm32f10x_hd.o(.text)
    USB_LP_CAN1_RX0_IRQHandler               0x08000247   Thumb Code     0  startup_stm32f10x_hd.o(.text)
    WWDG_IRQHandler                          0x08000247   Thumb Code     0  startup_stm32f10x_hd.o(.text)
    __user_initial_stackheap                 0x08000249   Thumb Code     0  startup_stm32f10x_hd.o(.text)
    __use_no_semihosting                     0x0800026d   Thumb Code     2  use_no_semi_2.o(.text)
    __2printf                                0x08000271   Thumb Code    20  noretval__2printf.o(.text)
    _printf_pre_padding                      0x08000289   Thumb Code    44  _printf_pad.o(.text)
    _printf_post_padding                     0x080002b5   Thumb Code    34  _printf_pad.o(.text)
    _printf_str                              0x080002d7   Thumb Code    82  _printf_str.o(.text)
    _printf_int_dec                          0x08000329   Thumb Code   104  _printf_dec.o(.text)
    _printf_int_hex                          0x080003a1   Thumb Code    84  _printf_hex_int.o(.text)
    _printf_longlong_hex                     0x080003a1   Thumb Code     0  _printf_hex_int.o(.text)
    __printf                                 0x080003f9   Thumb Code   388  __printf_flags_ss_wp.o(.text)
    memcmp                                   0x08000581   Thumb Code    88  memcmp.o(.text)
    __aeabi_memset                           0x080005d9   Thumb Code    16  aeabi_memset.o(.text)
    __aeabi_memclr4                          0x080005e9   Thumb Code     0  rt_memclr_w.o(.text)
    __aeabi_memclr8                          0x080005e9   Thumb Code     0  rt_memclr_w.o(.text)
    __rt_memclr_w                            0x080005e9   Thumb Code    78  rt_memclr_w.o(.text)
    _memset_w                                0x080005ed   Thumb Code     0  rt_memclr_w.o(.text)
    __use_two_region_memory                  0x08000637   Thumb Code     2  heapauxi.o(.text)
    __rt_heap_escrow$2region                 0x08000639   Thumb Code     2  heapauxi.o(.text)
    __rt_heap_expand$2region                 0x0800063b   Thumb Code     2  heapauxi.o(.text)
    __I$use$semihosting                      0x0800063d   Thumb Code     0  use_no_semi.o(.text)
    __use_no_semihosting_swi                 0x0800063d   Thumb Code     2  use_no_semi.o(.text)
    _printf_int_common                       0x0800063f   Thumb Code   178  _printf_intcommon.o(.text)
    _printf_cs_common                        0x080006f1   Thumb Code    20  _printf_char.o(.text)
    _printf_char                             0x08000705   Thumb Code    16  _printf_char.o(.text)
    _printf_string                           0x08000715   Thumb Code     8  _printf_char.o(.text)
    _printf_char_file                        0x0800071d   Thumb Code    32  _printf_char_file.o(.text)
    __aeabi_memclr                           0x08000741   Thumb Code     0  rt_memclr.o(.text)
    __rt_memclr                              0x08000741   Thumb Code    68  rt_memclr.o(.text)
    _memset                                  0x08000745   Thumb Code     0  rt_memclr.o(.text)
    _printf_char_common                      0x0800078f   Thumb Code    32  _printf_char_common.o(.text)
    ferror                                   0x080007b5   Thumb Code     8  ferror.o(.text)
    __user_libspace                          0x080007bd   Thumb Code     8  libspace.o(.text)
    __user_perproc_libspace                  0x080007bd   Thumb Code     0  libspace.o(.text)
    __user_perthread_libspace                0x080007bd   Thumb Code     0  libspace.o(.text)
    __user_setup_stackheap                   0x080007c5   Thumb Code    74  sys_stackheap_outer.o(.text)
    exit                                     0x0800080f   Thumb Code    18  exit.o(.text)
    ADC_Cmd                                  0x08000821   Thumb Code    22  stm32f10x_adc.o(i.ADC_Cmd)
    ADC_DeInit                               0x08000839   Thumb Code    78  stm32f10x_adc.o(i.ADC_DeInit)
    ADC_GetCalibrationStatus                 0x08000895   Thumb Code    20  stm32f10x_adc.o(i.ADC_GetCalibrationStatus)
    ADC_GetConversionValue                   0x080008a9   Thumb Code     8  stm32f10x_adc.o(i.ADC_GetConversionValue)
    ADC_GetFlagStatus                        0x080008b1   Thumb Code    18  stm32f10x_adc.o(i.ADC_GetFlagStatus)
    ADC_GetResetCalibrationStatus            0x080008c3   Thumb Code    20  stm32f10x_adc.o(i.ADC_GetResetCalibrationStatus)
    ADC_Init                                 0x080008d9   Thumb Code    70  stm32f10x_adc.o(i.ADC_Init)
    ADC_RegularChannelConfig                 0x08000929   Thumb Code   184  stm32f10x_adc.o(i.ADC_RegularChannelConfig)
    ADC_ResetCalibration                     0x080009e1   Thumb Code    10  stm32f10x_adc.o(i.ADC_ResetCalibration)
    ADC_SoftwareStartConvCmd                 0x080009eb   Thumb Code    22  stm32f10x_adc.o(i.ADC_SoftwareStartConvCmd)
    ADC_StartCalibration                     0x08000a01   Thumb Code    10  stm32f10x_adc.o(i.ADC_StartCalibration)
    ADS1292_Init                             0x08000a0d   Thumb Code   166  ads1292.o(i.ADS1292_Init)
    ADS1292_Noise_Test                       0x08000ac5   Thumb Code    38  ads1292.o(i.ADS1292_Noise_Test)
    ADS1292_PowerOnInit                      0x08000af9   Thumb Code    82  ads1292.o(i.ADS1292_PowerOnInit)
    ADS1292_Read_Data                        0x08000b69   Thumb Code    42  ads1292.o(i.ADS1292_Read_Data)
    ADS1292_SET_REGBUFF                      0x08000b99   Thumb Code   574  ads1292.o(i.ADS1292_SET_REGBUFF)
    ADS1292_SPI                              0x08000dfd   Thumb Code    12  ads1292.o(i.ADS1292_SPI)
    ADS1292_Send_CMD                         0x08000e09   Thumb Code    38  ads1292.o(i.ADS1292_Send_CMD)
    ADS1292_Single_Read                      0x08000e39   Thumb Code    36  ads1292.o(i.ADS1292_Single_Read)
    ADS1292_Single_Test                      0x08000e69   Thumb Code    38  ads1292.o(i.ADS1292_Single_Test)
    ADS1292_WRITE_REGBUFF                    0x08000e9d   Thumb Code   154  ads1292.o(i.ADS1292_WRITE_REGBUFF)
    ADS1292_WR_REGS                          0x08000f85   Thumb Code   120  ads1292.o(i.ADS1292_WR_REGS)
    ANO_DT_Send_ADS                          0x08001001   Thumb Code   298  main.o(i.ANO_DT_Send_ADS)
    ANO_DT_Send_Sensor                       0x08001135   Thumb Code   312  main.o(i.ANO_DT_Send_Sensor)
    ANO_DT_Send_heartbeat                    0x08001275   Thumb Code   168  main.o(i.ANO_DT_Send_heartbeat)
    Adc_Init                                 0x08001321   Thumb Code   140  adc.o(i.Adc_Init)
    BusFault_Handler                         0x080013b5   Thumb Code     4  stm32f10x_it.o(i.BusFault_Handler)
    DebugMon_Handler                         0x080013c9   Thumb Code     2  stm32f10x_it.o(i.DebugMon_Handler)
    DisableJTAG                              0x080013cd   Thumb Code    28  sys.o(i.DisableJTAG)
    DrawChar                                 0x080013f1   Thumb Code   202  lcd.o(i.DrawChar)
    DrawPoint                                0x080014c1   Thumb Code    28  lcd.o(i.DrawPoint)
    Draw_String                              0x080014dd   Thumb Code   110  lcd.o(i.Draw_String)
    EXTI0_IRQHandler                         0x0800154d   Thumb Code    56  exti.o(i.EXTI0_IRQHandler)
    EXTI4_IRQHandler                         0x080015a5   Thumb Code    50  exti.o(i.EXTI4_IRQHandler)
    EXTI9_5_IRQHandler                       0x080015e1   Thumb Code    40  ads1292.o(i.EXTI9_5_IRQHandler)
    EXTIX_Init                               0x08001619   Thumb Code   130  exti.o(i.EXTIX_Init)
    EXTI_ClearITPendingBit                   0x0800169d   Thumb Code     6  stm32f10x_exti.o(i.EXTI_ClearITPendingBit)
    EXTI_Init                                0x080016a9   Thumb Code   142  stm32f10x_exti.o(i.EXTI_Init)
    F2S                                      0x0800173d   Thumb Code   228  main.o(i.F2S)
    GPIO_EXTILineConfig                      0x08001825   Thumb Code    60  stm32f10x_gpio.o(i.GPIO_EXTILineConfig)
    GPIO_Init                                0x08001865   Thumb Code   278  stm32f10x_gpio.o(i.GPIO_Init)
    GPIO_PinRemapConfig                      0x0800197d   Thumb Code   138  stm32f10x_gpio.o(i.GPIO_PinRemapConfig)
    GPIO_ReadInputDataBit                    0x08001a0d   Thumb Code    18  stm32f10x_gpio.o(i.GPIO_ReadInputDataBit)
    GPIO_ResetBits                           0x08001a1f   Thumb Code     4  stm32f10x_gpio.o(i.GPIO_ResetBits)
    GPIO_SetBits                             0x08001a23   Thumb Code     4  stm32f10x_gpio.o(i.GPIO_SetBits)
    GetEchoTimer                             0x08001a29   Thumb Code    40  timer.o(i.GetEchoTimer)
    Get_Adc                                  0x08001a5d   Thumb Code    46  adc.o(i.Get_Adc)
    HardFault_Handler                        0x08001a91   Thumb Code     4  stm32f10x_it.o(i.HardFault_Handler)
    HeartRate_get                            0x08001a95   Thumb Code   202  timer.o(i.HeartRate_get)
    KEY_Init                                 0x08001b6d   Thumb Code    52  key.o(i.KEY_Init)
    LCD_GPIO_Conf                            0x08001ba9   Thumb Code    40  lcd.o(i.LCD_GPIO_Conf)
    LCD_Init                                 0x08001bd5   Thumb Code   542  lcd.o(i.LCD_Init)
    LCD_WriteData_16Bit                      0x08001df5   Thumb Code    46  lcd.o(i.LCD_WriteData_16Bit)
    LED_Init                                 0x08001e29   Thumb Code    38  led.o(i.LED_Init)
    Lcd_SetRegion                            0x08001e55   Thumb Code    90  lcd.o(i.Lcd_SetRegion)
    Lcd_WriteData                            0x08001eb1   Thumb Code    38  lcd.o(i.Lcd_WriteData)
    Lcd_WriteIndex                           0x08001edd   Thumb Code    38  lcd.o(i.Lcd_WriteIndex)
    MPU_Get_Temperature                      0x08001f09   Thumb Code    86  mpu6050.o(i.MPU_Get_Temperature)
    MPU_IIC_Ack                              0x08001f71   Thumb Code    62  mpuiic.o(i.MPU_IIC_Ack)
    MPU_IIC_Delay                            0x08001fbd   Thumb Code    10  mpuiic.o(i.MPU_IIC_Delay)
    MPU_IIC_Init                             0x08001fc9   Thumb Code    50  mpuiic.o(i.MPU_IIC_Init)
    MPU_IIC_NAck                             0x08002001   Thumb Code    62  mpuiic.o(i.MPU_IIC_NAck)
    MPU_IIC_Read_Byte                        0x0800204d   Thumb Code    94  mpuiic.o(i.MPU_IIC_Read_Byte)
    MPU_IIC_Send_Byte                        0x080020b9   Thumb Code    80  mpuiic.o(i.MPU_IIC_Send_Byte)
    MPU_IIC_Start                            0x08002115   Thumb Code    60  mpuiic.o(i.MPU_IIC_Start)
    MPU_IIC_Stop                             0x0800215d   Thumb Code    58  mpuiic.o(i.MPU_IIC_Stop)
    MPU_IIC_Wait_Ack                         0x080021a5   Thumb Code    86  mpuiic.o(i.MPU_IIC_Wait_Ack)
    MPU_Init                                 0x08002209   Thumb Code   180  mpu6050.o(i.MPU_Init)
    MPU_Read_Byte                            0x080022c9   Thumb Code    58  mpu6050.o(i.MPU_Read_Byte)
    MPU_Read_Len                             0x08002303   Thumb Code   116  mpu6050.o(i.MPU_Read_Len)
    MPU_Set_Accel_Fsr                        0x08002377   Thumb Code    16  mpu6050.o(i.MPU_Set_Accel_Fsr)
    MPU_Set_Gyro_Fsr                         0x08002387   Thumb Code    16  mpu6050.o(i.MPU_Set_Gyro_Fsr)
    MPU_Set_LPF                              0x08002397   Thumb Code    58  mpu6050.o(i.MPU_Set_LPF)
    MPU_Set_Rate                             0x080023d1   Thumb Code    58  mpu6050.o(i.MPU_Set_Rate)
    MPU_Write_Byte                           0x0800240b   Thumb Code    68  mpu6050.o(i.MPU_Write_Byte)
    MPU_Write_Len                            0x0800244f   Thumb Code    96  mpu6050.o(i.MPU_Write_Len)
    MemManage_Handler                        0x080024af   Thumb Code     4  stm32f10x_it.o(i.MemManage_Handler)
    NMI_Handler                              0x080024b3   Thumb Code     2  stm32f10x_it.o(i.NMI_Handler)
    NVIC_Init                                0x080024b5   Thumb Code   100  misc.o(i.NVIC_Init)
    NVIC_PriorityGroupConfig                 0x08002525   Thumb Code    10  misc.o(i.NVIC_PriorityGroupConfig)
    PendSV_Handler                           0x0800255d   Thumb Code     2  stm32f10x_it.o(i.PendSV_Handler)
    RCC_ADCCLKConfig                         0x08002561   Thumb Code    18  stm32f10x_rcc.o(i.RCC_ADCCLKConfig)
    RCC_APB1PeriphClockCmd                   0x08002579   Thumb Code    26  stm32f10x_rcc.o(i.RCC_APB1PeriphClockCmd)
    RCC_APB2PeriphClockCmd                   0x08002599   Thumb Code    26  stm32f10x_rcc.o(i.RCC_APB2PeriphClockCmd)
    RCC_APB2PeriphResetCmd                   0x080025b9   Thumb Code    26  stm32f10x_rcc.o(i.RCC_APB2PeriphResetCmd)
    RCC_GetClocksFreq                        0x080025d9   Thumb Code   192  stm32f10x_rcc.o(i.RCC_GetClocksFreq)
    Reset                                    0x080026ad   Thumb Code    32  lcd.o(i.Reset)
    SPI2_Init                                0x080026d1   Thumb Code   120  spi.o(i.SPI2_Init)
    SPI2_ReadWriteByte                       0x08002751   Thumb Code    78  spi.o(i.SPI2_ReadWriteByte)
    SPI_Cmd                                  0x080027a5   Thumb Code    24  stm32f10x_spi.o(i.SPI_Cmd)
    SPI_I2S_GetFlagStatus                    0x080027bd   Thumb Code    18  stm32f10x_spi.o(i.SPI_I2S_GetFlagStatus)
    SPI_I2S_ReceiveData                      0x080027cf   Thumb Code     6  stm32f10x_spi.o(i.SPI_I2S_ReceiveData)
    SPI_I2S_SendData                         0x080027d5   Thumb Code     4  stm32f10x_spi.o(i.SPI_I2S_SendData)
    SPI_Init                                 0x080027d9   Thumb Code    60  stm32f10x_spi.o(i.SPI_Init)
    SPI_WriteData                            0x08002815   Thumb Code    64  lcd.o(i.SPI_WriteData)
    SVC_Handler                              0x08002859   Thumb Code     2  stm32f10x_it.o(i.SVC_Handler)
    SetCursor                                0x0800285b   Thumb Code    82  lcd.o(i.SetCursor)
    Set_ADS1292_Collect                      0x08002995   Thumb Code    82  ads1292.o(i.Set_ADS1292_Collect)
    SysTick_CLKSourceConfig                  0x080029e7   Thumb Code    40  misc.o(i.SysTick_CLKSourceConfig)
    SysTick_Handler                          0x08002a0f   Thumb Code     2  stm32f10x_it.o(i.SysTick_Handler)
    SystemInit                               0x08002a11   Thumb Code    78  system_stm32f10x.o(i.SystemInit)
    TIM2_IRQHandler                          0x08002a71   Thumb Code    24  timer.o(i.TIM2_IRQHandler)
    TIM2_Init                                0x08002a89   Thumb Code   114  timer.o(i.TIM2_Init)
    TIM3_IRQHandler                          0x08002afd   Thumb Code    52  timer.o(i.TIM3_IRQHandler)
    TIM4_IRQHandler                          0x08002b39   Thumb Code    46  usmart.o(i.TIM4_IRQHandler)
    TIM5_IRQHandler                          0x08002b71   Thumb Code    34  timer.o(i.TIM5_IRQHandler)
    TIM5_Init                                0x08002b9d   Thumb Code    80  timer.o(i.TIM5_Init)
    TIM5_NVIC                                0x08002bf1   Thumb Code    34  timer.o(i.TIM5_NVIC)
    TIM_ClearFlag                            0x08002c13   Thumb Code     6  stm32f10x_tim.o(i.TIM_ClearFlag)
    TIM_ClearITPendingBit                    0x08002c19   Thumb Code     6  stm32f10x_tim.o(i.TIM_ClearITPendingBit)
    TIM_Cmd                                  0x08002c1f   Thumb Code    24  stm32f10x_tim.o(i.TIM_Cmd)
    TIM_GetCounter                           0x08002c37   Thumb Code     6  stm32f10x_tim.o(i.TIM_GetCounter)
    TIM_GetFlagStatus                        0x08002c3d   Thumb Code    18  stm32f10x_tim.o(i.TIM_GetFlagStatus)
    TIM_GetITStatus                          0x08002c4f   Thumb Code    34  stm32f10x_tim.o(i.TIM_GetITStatus)
    TIM_ITConfig                             0x08002c71   Thumb Code    18  stm32f10x_tim.o(i.TIM_ITConfig)
    TIM_SetAutoreload                        0x08002c83   Thumb Code     4  stm32f10x_tim.o(i.TIM_SetAutoreload)
    TIM_SetCounter                           0x08002c87   Thumb Code     4  stm32f10x_tim.o(i.TIM_SetCounter)
    TIM_TimeBaseInit                         0x08002c8d   Thumb Code   122  stm32f10x_tim.o(i.TIM_TimeBaseInit)
    Timer4_Init                              0x08002d31   Thumb Code    88  usmart.o(i.Timer4_Init)
    USART1_IRQHandler                        0x08002d8d   Thumb Code   122  usart.o(i.USART1_IRQHandler)
    USART_Cmd                                0x08002e15   Thumb Code    24  stm32f10x_usart.o(i.USART_Cmd)
    USART_GetITStatus                        0x08002e2d   Thumb Code    84  stm32f10x_usart.o(i.USART_GetITStatus)
    USART_ITConfig                           0x08002e81   Thumb Code    74  stm32f10x_usart.o(i.USART_ITConfig)
    USART_Init                               0x08002ecd   Thumb Code   210  stm32f10x_usart.o(i.USART_Init)
    USART_ReceiveData                        0x08002fa5   Thumb Code    10  stm32f10x_usart.o(i.USART_ReceiveData)
    USART_SendData                           0x08002faf   Thumb Code     8  stm32f10x_usart.o(i.USART_SendData)
    UsageFault_Handler                       0x08002fb7   Thumb Code     4  stm32f10x_it.o(i.UsageFault_Handler)
    _is_digit                                0x08002fbb   Thumb Code    14  __printf_wp.o(i._is_digit)
    _sys_exit                                0x08002fc9   Thumb Code     6  usart.o(i._sys_exit)
    delay_init                               0x08002fd1   Thumb Code    50  delay.o(i.delay_init)
    delay_ms                                 0x08003015   Thumb Code    72  delay.o(i.delay_ms)
    delay_us                                 0x08003061   Thumb Code    72  delay.o(i.delay_us)
    dmp_enable_6x_lp_quat                    0x080030ad   Thumb Code    60  inv_mpu_dmp_motion_driver.o(i.dmp_enable_6x_lp_quat)
    dmp_enable_feature                       0x080030e9   Thumb Code   530  inv_mpu_dmp_motion_driver.o(i.dmp_enable_feature)
    dmp_enable_gyro_cal                      0x08003305   Thumb Code    62  inv_mpu_dmp_motion_driver.o(i.dmp_enable_gyro_cal)
    dmp_enable_lp_quat                       0x0800335d   Thumb Code    60  inv_mpu_dmp_motion_driver.o(i.dmp_enable_lp_quat)
    dmp_get_pedometer_step_count             0x08003399   Thumb Code    66  inv_mpu_dmp_motion_driver.o(i.dmp_get_pedometer_step_count)
    dmp_load_motion_driver_firmware          0x080033dd   Thumb Code    20  inv_mpu_dmp_motion_driver.o(i.dmp_load_motion_driver_firmware)
    dmp_set_fifo_rate                        0x080033f5   Thumb Code    96  inv_mpu_dmp_motion_driver.o(i.dmp_set_fifo_rate)
    dmp_set_orientation                      0x08003465   Thumb Code   290  inv_mpu_dmp_motion_driver.o(i.dmp_set_orientation)
    dmp_set_pedometer_step_count             0x0800359d   Thumb Code    42  inv_mpu_dmp_motion_driver.o(i.dmp_set_pedometer_step_count)
    dmp_set_shake_reject_thresh              0x080035c7   Thumb Code    56  inv_mpu_dmp_motion_driver.o(i.dmp_set_shake_reject_thresh)
    dmp_set_shake_reject_time                0x080035ff   Thumb Code    38  inv_mpu_dmp_motion_driver.o(i.dmp_set_shake_reject_time)
    dmp_set_shake_reject_timeout             0x08003625   Thumb Code    38  inv_mpu_dmp_motion_driver.o(i.dmp_set_shake_reject_timeout)
    dmp_set_tap_axes                         0x0800364b   Thumb Code    70  inv_mpu_dmp_motion_driver.o(i.dmp_set_tap_axes)
    dmp_set_tap_count                        0x08003691   Thumb Code    38  inv_mpu_dmp_motion_driver.o(i.dmp_set_tap_count)
    dmp_set_tap_thresh                       0x080036b9   Thumb Code   396  inv_mpu_dmp_motion_driver.o(i.dmp_set_tap_thresh)
    dmp_set_tap_time                         0x08003859   Thumb Code    38  inv_mpu_dmp_motion_driver.o(i.dmp_set_tap_time)
    dmp_set_tap_time_multi                   0x0800387f   Thumb Code    38  inv_mpu_dmp_motion_driver.o(i.dmp_set_tap_time_multi)
    dsp_single_colour                        0x080038a5   Thumb Code    48  lcd.o(i.dsp_single_colour)
    fputc                                    0x080038d5   Thumb Code    24  usart.o(i.fputc)
    get_temp                                 0x080038f1   Thumb Code   252  main.o(i.get_temp)
    get_volt                                 0x08003a09   Thumb Code    10  main.o(i.get_volt)
    inv_orientation_matrix_to_scalar         0x08003a13   Thumb Code    40  inv_mpu.o(i.inv_orientation_matrix_to_scalar)
    inv_row_2_scale                          0x08003a3b   Thumb Code    78  inv_mpu.o(i.inv_row_2_scale)
    main                                     0x08003a89   Thumb Code  1192  main.o(i.main)
    mpu_configure_fifo                       0x08003f31   Thumb Code   106  inv_mpu.o(i.mpu_configure_fifo)
    mpu_dmp_init                             0x08003fa1   Thumb Code   142  inv_mpu.o(i.mpu_dmp_init)
    mpu_get_accel_fsr                        0x08004035   Thumb Code    72  inv_mpu.o(i.mpu_get_accel_fsr)
    mpu_init                                 0x08004081   Thumb Code   416  inv_mpu.o(i.mpu_init)
    mpu_load_firmware                        0x08004271   Thumb Code   180  inv_mpu.o(i.mpu_load_firmware)
    mpu_lp_accel_mode                        0x08004329   Thumb Code   218  inv_mpu.o(i.mpu_lp_accel_mode)
    mpu_read_mem                             0x08004409   Thumb Code   122  inv_mpu.o(i.mpu_read_mem)
    mpu_reset_fifo                           0x08004489   Thumb Code   450  inv_mpu.o(i.mpu_reset_fifo)
    mpu_set_accel_fsr                        0x08004651   Thumb Code   126  inv_mpu.o(i.mpu_set_accel_fsr)
    mpu_set_bypass                           0x080046d5   Thumb Code   328  inv_mpu.o(i.mpu_set_bypass)
    mpu_set_dmp_state                        0x08004821   Thumb Code   138  inv_mpu.o(i.mpu_set_dmp_state)
    mpu_set_gyro_fsr                         0x080048b1   Thumb Code   132  inv_mpu.o(i.mpu_set_gyro_fsr)
    mpu_set_int_latched                      0x08004939   Thumb Code   102  inv_mpu.o(i.mpu_set_int_latched)
    mpu_set_lpf                              0x080049a5   Thumb Code   126  inv_mpu.o(i.mpu_set_lpf)
    mpu_set_sample_rate                      0x08004a29   Thumb Code   152  inv_mpu.o(i.mpu_set_sample_rate)
    mpu_set_sensors                          0x08004ac5   Thumb Code   202  inv_mpu.o(i.mpu_set_sensors)
    mpu_write_mem                            0x08004b95   Thumb Code   122  inv_mpu.o(i.mpu_write_mem)
    read_addr                                0x08004c15   Thumb Code     6  usmart.o(i.read_addr)
    uart_init                                0x08004cad   Thumb Code   150  usart.o(i.uart_init)
    usmart_cmd_rec                           0x08004d4d   Thumb Code   170  usmart.o(i.usmart_cmd_rec)
    usmart_exe                               0x08004dfd   Thumb Code   632  usmart.o(i.usmart_exe)
    usmart_get_aparm                         0x080050d1   Thumb Code   200  usmart_str.o(i.usmart_get_aparm)
    usmart_get_cmdname                       0x08005199   Thumb Code    54  usmart_str.o(i.usmart_get_cmdname)
    usmart_get_fname                         0x080051d1   Thumb Code   440  usmart_str.o(i.usmart_get_fname)
    usmart_get_fparam                        0x08005391   Thumb Code   262  usmart_str.o(i.usmart_get_fparam)
    usmart_get_parmpos                       0x0800549d   Thumb Code    26  usmart_str.o(i.usmart_get_parmpos)
    usmart_get_runtime                       0x080054bd   Thumb Code    60  usmart.o(i.usmart_get_runtime)
    usmart_init                              0x08005501   Thumb Code    36  usmart.o(i.usmart_init)
    usmart_pow                               0x08005529   Thumb Code    22  usmart_str.o(i.usmart_pow)
    usmart_reset_runtime                     0x08005541   Thumb Code    38  usmart.o(i.usmart_reset_runtime)
    usmart_scan                              0x08005571   Thumb Code   120  usmart.o(i.usmart_scan)
    usmart_search_nextc                      0x0800562d   Thumb Code    22  usmart_str.o(i.usmart_search_nextc)
    usmart_str2num                           0x08005643   Thumb Code   202  usmart_str.o(i.usmart_str2num)
    usmart_strcmp                            0x0800570d   Thumb Code    34  usmart_str.o(i.usmart_strcmp)
    usmart_strcopy                           0x0800572f   Thumb Code    22  usmart_str.o(i.usmart_strcopy)
    usmart_strlen                            0x08005745   Thumb Code    24  usmart_str.o(i.usmart_strlen)
    usmart_sys_cmd_exe                       0x0800575d   Thumb Code  1554  usmart.o(i.usmart_sys_cmd_exe)
    write_addr                               0x08005e41   Thumb Code     4  usmart.o(i.write_addr)
    __aeabi_d2f                              0x08005e45   Thumb Code     0  d2f.o(x$fpl$d2f)
    _d2f                                     0x08005e45   Thumb Code    98  d2f.o(x$fpl$d2f)
    __aeabi_dadd                             0x08005ea9   Thumb Code     0  daddsub_clz.o(x$fpl$dadd)
    _dadd                                    0x08005ea9   Thumb Code   332  daddsub_clz.o(x$fpl$dadd)
    __aeabi_ddiv                             0x08005ff9   Thumb Code     0  ddiv.o(x$fpl$ddiv)
    _ddiv                                    0x08005ff9   Thumb Code   552  ddiv.o(x$fpl$ddiv)
    __aeabi_i2d                              0x080062a9   Thumb Code     0  dflt_clz.o(x$fpl$dflt)
    _dflt                                    0x080062a9   Thumb Code    46  dflt_clz.o(x$fpl$dflt)
    __aeabi_dmul                             0x080062d9   Thumb Code     0  dmul.o(x$fpl$dmul)
    _dmul                                    0x080062d9   Thumb Code   332  dmul.o(x$fpl$dmul)
    __fpl_dnaninf                            0x0800642d   Thumb Code   156  dnaninf.o(x$fpl$dnaninf)
    __fpl_dretinf                            0x080064c9   Thumb Code    12  dretinf.o(x$fpl$dretinf)
    __aeabi_dsub                             0x080064d5   Thumb Code     0  daddsub_clz.o(x$fpl$dsub)
    _dsub                                    0x080064d5   Thumb Code   464  daddsub_clz.o(x$fpl$dsub)
    __aeabi_f2d                              0x080066a9   Thumb Code     0  f2d.o(x$fpl$f2d)
    _f2d                                     0x080066a9   Thumb Code    86  f2d.o(x$fpl$f2d)
    __aeabi_fadd                             0x08006701   Thumb Code     0  faddsub_clz.o(x$fpl$fadd)
    _fadd                                    0x08006701   Thumb Code   196  faddsub_clz.o(x$fpl$fadd)
    __fpl_fcmp_Inf                           0x080067c5   Thumb Code    24  fcmpi.o(x$fpl$fcmpinf)
    __aeabi_fdiv                             0x080067dd   Thumb Code     0  fdiv.o(x$fpl$fdiv)
    _fdiv                                    0x080067dd   Thumb Code   384  fdiv.o(x$fpl$fdiv)
    __aeabi_cfcmpeq                          0x08006961   Thumb Code     0  feqf.o(x$fpl$feqf)
    _fcmpeq                                  0x08006961   Thumb Code   104  feqf.o(x$fpl$feqf)
    __aeabi_f2iz                             0x080069c9   Thumb Code     0  ffix.o(x$fpl$ffix)
    _ffix                                    0x080069c9   Thumb Code    54  ffix.o(x$fpl$ffix)
    __aeabi_f2uiz                            0x08006a01   Thumb Code     0  ffixu.o(x$fpl$ffixu)
    _ffixu                                   0x08006a01   Thumb Code    62  ffixu.o(x$fpl$ffixu)
    __aeabi_i2f                              0x08006a41   Thumb Code     0  fflt_clz.o(x$fpl$fflt)
    _fflt                                    0x08006a41   Thumb Code    48  fflt_clz.o(x$fpl$fflt)
    __aeabi_ui2f                             0x08006a71   Thumb Code     0  fflt_clz.o(x$fpl$ffltu)
    _ffltu                                   0x08006a71   Thumb Code    38  fflt_clz.o(x$fpl$ffltu)
    __aeabi_cfcmple                          0x08006a99   Thumb Code     0  fleqf.o(x$fpl$fleqf)
    _fcmple                                  0x08006a99   Thumb Code   104  fleqf.o(x$fpl$fleqf)
    __fpl_fcmple_InfNaN                      0x08006aeb   Thumb Code     0  fleqf.o(x$fpl$fleqf)
    __aeabi_fmul                             0x08006b01   Thumb Code     0  fmul.o(x$fpl$fmul)
    _fmul                                    0x08006b01   Thumb Code   258  fmul.o(x$fpl$fmul)
    __fpl_fnaninf                            0x08006c03   Thumb Code   140  fnaninf.o(x$fpl$fnaninf)
    __fpl_fretinf                            0x08006c8f   Thumb Code    10  fretinf.o(x$fpl$fretinf)
    __aeabi_cfrcmple                         0x08006c99   Thumb Code     0  frleqf.o(x$fpl$frleqf)
    _frcmple                                 0x08006c99   Thumb Code    98  frleqf.o(x$fpl$frleqf)
    __aeabi_frsub                            0x08006cfb   Thumb Code     0  faddsub_clz.o(x$fpl$frsb)
    _frsb                                    0x08006cfb   Thumb Code    20  faddsub_clz.o(x$fpl$frsb)
    __aeabi_fsub                             0x08006d11   Thumb Code     0  faddsub_clz.o(x$fpl$fsub)
    _fsub                                    0x08006d11   Thumb Code   234  faddsub_clz.o(x$fpl$fsub)
    Font                                     0x08006dfa   Data        1520  lcd.o(.constdata)
    __I$use$fp                               0x08006dfa   Number         0  usenofp.o(x$fpl$usenofp)
    reg                                      0x080073ec   Data          27  inv_mpu.o(.constdata)
    hw                                       0x08007408   Data          12  inv_mpu.o(.constdata)
    test                                     0x08007414   Data          40  inv_mpu.o(.constdata)
    Region$$Table$$Base                      0x080081b0   Number         0  anon$$obj.o(Region$$Table)
    Region$$Table$$Limit                     0x080081d0   Number         0  anon$$obj.o(Region$$Table)
    SystemCoreClock                          0x20000000   Data           4  system_stm32f10x.o(.data)
    AHBPrescTable                            0x20000004   Data          16  system_stm32f10x.o(.data)
    Ads1292_Config1                          0x20000049   Data           1  ads1292.o(.data)
    Ads1292_Config2                          0x2000004a   Data           5  ads1292.o(.data)
    Ads1292_Ch1set                           0x2000004f   Data           3  ads1292.o(.data)
    Ads1292_Ch2set                           0x20000052   Data           3  ads1292.o(.data)
    Ads1292_Rld_Sens                         0x20000055   Data           6  ads1292.o(.data)
    Ads1292_Loff_Sens                        0x2000005b   Data           6  ads1292.o(.data)
    Ads1292_Resp1                            0x20000061   Data           4  ads1292.o(.data)
    Ads1292_Resp2                            0x20000065   Data           3  ads1292.o(.data)
    ads1292_recive_flag                      0x20000068   Data           1  ads1292.o(.data)
    msHcCount                                0x2000006c   Data           4  timer.o(.data)
    flag                                     0x20000070   Data           4  exti.o(.data)
    state                                    0x20000074   Data           4  exti.o(.data)
    start                                    0x20000078   Data           4  exti.o(.data)
    __stdout                                 0x20000080   Data           4  usart.o(.data)
    USART_RX_STA                             0x20000084   Data           2  usart.o(.data)
    sys_cmd_tab                              0x2000009c   Data          28  usmart.o(.data)
    usmart_nametab                           0x200000b8   Data          56  usmart_config.o(.data)
    usmart_dev                               0x200000f0   Data         244  usmart_config.o(.data)
    ADS1292_REG                              0x200001f4   Data          12  ads1292.o(.bss)
    ads1292_Cache                            0x20000200   Data           9  ads1292.o(.bss)
    USART_RX_BUF                             0x20000209   Data         200  usart.o(.bss)
    __libspace_start                         0x200002d4   Data          96  libspace.o(.bss)
    __temporary_stack_top$libspace           0x20000334   Data           0  libspace.o(.bss)



==============================================================================

Memory Map of the image

  Image Entry point : 0x08000131

  Load Region LR_IROM1 (Base: 0x08000000, Size: 0x000083b4, Max: 0x00080000, ABSOLUTE, COMPRESSED[0x0000826c])

    Execution Region ER_IROM1 (Exec base: 0x08000000, Load base: 0x08000000, Size: 0x000081d0, Max: 0x00080000, ABSOLUTE)

    Exec Addr    Load Addr    Size         Type   Attr      Idx    E Section Name        Object

    0x08000000   0x08000000   0x00000130   Data   RO         1543    RESET               startup_stm32f10x_hd.o
    0x08000130   0x08000130   0x00000008   Code   RO         3402  * !!!main             c_w.l(__main.o)
    0x08000138   0x08000138   0x00000034   Code   RO         3729    !!!scatter          c_w.l(__scatter.o)
    0x0800016c   0x0800016c   0x0000005a   Code   RO         3727    !!dczerorl2         c_w.l(__dczerorl2.o)
    0x080001c6   0x080001c6   0x00000002   PAD
    0x080001c8   0x080001c8   0x0000001c   Code   RO         3731    !!handler_zi        c_w.l(__scatter_zi.o)
    0x080001e4   0x080001e4   0x00000000   Code   RO         3391    .ARM.Collect$$_printf_percent$$00000000  c_w.l(_printf_percent.o)
    0x080001e4   0x080001e4   0x00000006   Code   RO         3389    .ARM.Collect$$_printf_percent$$00000009  c_w.l(_printf_d.o)
    0x080001ea   0x080001ea   0x00000006   Code   RO         3390    .ARM.Collect$$_printf_percent$$0000000A  c_w.l(_printf_u.o)
    0x080001f0   0x080001f0   0x00000006   Code   RO         3388    .ARM.Collect$$_printf_percent$$0000000C  c_w.l(_printf_x.o)
    0x080001f6   0x080001f6   0x00000006   Code   RO         3386    .ARM.Collect$$_printf_percent$$00000013  c_w.l(_printf_c.o)
    0x080001fc   0x080001fc   0x00000006   Code   RO         3387    .ARM.Collect$$_printf_percent$$00000014  c_w.l(_printf_s.o)
    0x08000202   0x08000202   0x00000004   Code   RO         3489    .ARM.Collect$$_printf_percent$$00000017  c_w.l(_printf_percent_end.o)
    0x08000206   0x08000206   0x00000002   Code   RO         3594    .ARM.Collect$$libinit$$00000000  c_w.l(libinit.o)
    0x08000208   0x08000208   0x00000000   Code   RO         3606    .ARM.Collect$$libinit$$00000002  c_w.l(libinit2.o)
    0x08000208   0x08000208   0x00000000   Code   RO         3608    .ARM.Collect$$libinit$$00000004  c_w.l(libinit2.o)
    0x08000208   0x08000208   0x00000000   Code   RO         3611    .ARM.Collect$$libinit$$0000000A  c_w.l(libinit2.o)
    0x08000208   0x08000208   0x00000000   Code   RO         3613    .ARM.Collect$$libinit$$0000000C  c_w.l(libinit2.o)
    0x08000208   0x08000208   0x00000000   Code   RO         3615    .ARM.Collect$$libinit$$0000000E  c_w.l(libinit2.o)
    0x08000208   0x08000208   0x00000000   Code   RO         3618    .ARM.Collect$$libinit$$00000011  c_w.l(libinit2.o)
    0x08000208   0x08000208   0x00000000   Code   RO         3620    .ARM.Collect$$libinit$$00000013  c_w.l(libinit2.o)
    0x08000208   0x08000208   0x00000000   Code   RO         3622    .ARM.Collect$$libinit$$00000015  c_w.l(libinit2.o)
    0x08000208   0x08000208   0x00000000   Code   RO         3624    .ARM.Collect$$libinit$$00000017  c_w.l(libinit2.o)
    0x08000208   0x08000208   0x00000000   Code   RO         3626    .ARM.Collect$$libinit$$00000019  c_w.l(libinit2.o)
    0x08000208   0x08000208   0x00000000   Code   RO         3628    .ARM.Collect$$libinit$$0000001B  c_w.l(libinit2.o)
    0x08000208   0x08000208   0x00000000   Code   RO         3630    .ARM.Collect$$libinit$$0000001D  c_w.l(libinit2.o)
    0x08000208   0x08000208   0x00000000   Code   RO         3632    .ARM.Collect$$libinit$$0000001F  c_w.l(libinit2.o)
    0x08000208   0x08000208   0x00000000   Code   RO         3634    .ARM.Collect$$libinit$$00000021  c_w.l(libinit2.o)
    0x08000208   0x08000208   0x00000000   Code   RO         3636    .ARM.Collect$$libinit$$00000023  c_w.l(libinit2.o)
    0x08000208   0x08000208   0x00000000   Code   RO         3638    .ARM.Collect$$libinit$$00000025  c_w.l(libinit2.o)
    0x08000208   0x08000208   0x00000000   Code   RO         3642    .ARM.Collect$$libinit$$0000002C  c_w.l(libinit2.o)
    0x08000208   0x08000208   0x00000000   Code   RO         3644    .ARM.Collect$$libinit$$0000002E  c_w.l(libinit2.o)
    0x08000208   0x08000208   0x00000000   Code   RO         3646    .ARM.Collect$$libinit$$00000030  c_w.l(libinit2.o)
    0x08000208   0x08000208   0x00000000   Code   RO         3648    .ARM.Collect$$libinit$$00000032  c_w.l(libinit2.o)
    0x08000208   0x08000208   0x00000002   Code   RO         3649    .ARM.Collect$$libinit$$00000033  c_w.l(libinit2.o)
    0x0800020a   0x0800020a   0x00000002   Code   RO         3679    .ARM.Collect$$libshutdown$$00000000  c_w.l(libshutdown.o)
    0x0800020c   0x0800020c   0x00000000   Code   RO         3693    .ARM.Collect$$libshutdown$$00000002  c_w.l(libshutdown2.o)
    0x0800020c   0x0800020c   0x00000000   Code   RO         3695    .ARM.Collect$$libshutdown$$00000004  c_w.l(libshutdown2.o)
    0x0800020c   0x0800020c   0x00000000   Code   RO         3698    .ARM.Collect$$libshutdown$$00000007  c_w.l(libshutdown2.o)
    0x0800020c   0x0800020c   0x00000000   Code   RO         3701    .ARM.Collect$$libshutdown$$0000000A  c_w.l(libshutdown2.o)
    0x0800020c   0x0800020c   0x00000000   Code   RO         3703    .ARM.Collect$$libshutdown$$0000000C  c_w.l(libshutdown2.o)
    0x0800020c   0x0800020c   0x00000000   Code   RO         3706    .ARM.Collect$$libshutdown$$0000000F  c_w.l(libshutdown2.o)
    0x0800020c   0x0800020c   0x00000002   Code   RO         3707    .ARM.Collect$$libshutdown$$00000010  c_w.l(libshutdown2.o)
    0x0800020e   0x0800020e   0x00000000   Code   RO         3478    .ARM.Collect$$rtentry$$00000000  c_w.l(__rtentry.o)
    0x0800020e   0x0800020e   0x00000000   Code   RO         3543    .ARM.Collect$$rtentry$$00000002  c_w.l(__rtentry2.o)
    0x0800020e   0x0800020e   0x00000006   Code   RO         3555    .ARM.Collect$$rtentry$$00000004  c_w.l(__rtentry4.o)
    0x08000214   0x08000214   0x00000000   Code   RO         3545    .ARM.Collect$$rtentry$$00000009  c_w.l(__rtentry2.o)
    0x08000214   0x08000214   0x00000004   Code   RO         3546    .ARM.Collect$$rtentry$$0000000A  c_w.l(__rtentry2.o)
    0x08000218   0x08000218   0x00000000   Code   RO         3548    .ARM.Collect$$rtentry$$0000000C  c_w.l(__rtentry2.o)
    0x08000218   0x08000218   0x00000008   Code   RO         3549    .ARM.Collect$$rtentry$$0000000D  c_w.l(__rtentry2.o)
    0x08000220   0x08000220   0x00000002   Code   RO         3599    .ARM.Collect$$rtexit$$00000000  c_w.l(rtexit.o)
    0x08000222   0x08000222   0x00000000   Code   RO         3653    .ARM.Collect$$rtexit$$00000002  c_w.l(rtexit2.o)
    0x08000222   0x08000222   0x00000004   Code   RO         3654    .ARM.Collect$$rtexit$$00000003  c_w.l(rtexit2.o)
    0x08000226   0x08000226   0x00000006   Code   RO         3655    .ARM.Collect$$rtexit$$00000004  c_w.l(rtexit2.o)
    0x0800022c   0x0800022c   0x00000040   Code   RO         1544    .text               startup_stm32f10x_hd.o
    0x0800026c   0x0800026c   0x00000002   Code   RO         3329    .text               c_w.l(use_no_semi_2.o)
    0x0800026e   0x0800026e   0x00000002   PAD
    0x08000270   0x08000270   0x00000018   Code   RO         3335    .text               c_w.l(noretval__2printf.o)
    0x08000288   0x08000288   0x0000004e   Code   RO         3339    .text               c_w.l(_printf_pad.o)
    0x080002d6   0x080002d6   0x00000052   Code   RO         3341    .text               c_w.l(_printf_str.o)
    0x08000328   0x08000328   0x00000078   Code   RO         3343    .text               c_w.l(_printf_dec.o)
    0x080003a0   0x080003a0   0x00000058   Code   RO         3348    .text               c_w.l(_printf_hex_int.o)
    0x080003f8   0x080003f8   0x00000188   Code   RO         3383    .text               c_w.l(__printf_flags_ss_wp.o)
    0x08000580   0x08000580   0x00000058   Code   RO         3392    .text               c_w.l(memcmp.o)
    0x080005d8   0x080005d8   0x00000010   Code   RO         3396    .text               c_w.l(aeabi_memset.o)
    0x080005e8   0x080005e8   0x0000004e   Code   RO         3398    .text               c_w.l(rt_memclr_w.o)
    0x08000636   0x08000636   0x00000006   Code   RO         3400    .text               c_w.l(heapauxi.o)
    0x0800063c   0x0800063c   0x00000002   Code   RO         3476    .text               c_w.l(use_no_semi.o)
    0x0800063e   0x0800063e   0x000000b2   Code   RO         3483    .text               c_w.l(_printf_intcommon.o)
    0x080006f0   0x080006f0   0x0000002c   Code   RO         3485    .text               c_w.l(_printf_char.o)
    0x0800071c   0x0800071c   0x00000024   Code   RO         3487    .text               c_w.l(_printf_char_file.o)
    0x08000740   0x08000740   0x00000044   Code   RO         3490    .text               c_w.l(rt_memclr.o)
    0x08000784   0x08000784   0x00000030   Code   RO         3566    .text               c_w.l(_printf_char_common.o)
    0x080007b4   0x080007b4   0x00000008   Code   RO         3568    .text               c_w.l(ferror.o)
    0x080007bc   0x080007bc   0x00000008   Code   RO         3578    .text               c_w.l(libspace.o)
    0x080007c4   0x080007c4   0x0000004a   Code   RO         3581    .text               c_w.l(sys_stackheap_outer.o)
    0x0800080e   0x0800080e   0x00000012   Code   RO         3587    .text               c_w.l(exit.o)
    0x08000820   0x08000820   0x00000016   Code   RO         2752    i.ADC_Cmd           stm32f10x_adc.o
    0x08000836   0x08000836   0x00000002   PAD
    0x08000838   0x08000838   0x0000005c   Code   RO         2754    i.ADC_DeInit        stm32f10x_adc.o
    0x08000894   0x08000894   0x00000014   Code   RO         2760    i.ADC_GetCalibrationStatus  stm32f10x_adc.o
    0x080008a8   0x080008a8   0x00000008   Code   RO         2761    i.ADC_GetConversionValue  stm32f10x_adc.o
    0x080008b0   0x080008b0   0x00000012   Code   RO         2763    i.ADC_GetFlagStatus  stm32f10x_adc.o
    0x080008c2   0x080008c2   0x00000014   Code   RO         2766    i.ADC_GetResetCalibrationStatus  stm32f10x_adc.o
    0x080008d6   0x080008d6   0x00000002   PAD
    0x080008d8   0x080008d8   0x00000050   Code   RO         2770    i.ADC_Init          stm32f10x_adc.o
    0x08000928   0x08000928   0x000000b8   Code   RO         2774    i.ADC_RegularChannelConfig  stm32f10x_adc.o
    0x080009e0   0x080009e0   0x0000000a   Code   RO         2775    i.ADC_ResetCalibration  stm32f10x_adc.o
    0x080009ea   0x080009ea   0x00000016   Code   RO         2777    i.ADC_SoftwareStartConvCmd  stm32f10x_adc.o
    0x08000a00   0x08000a00   0x0000000a   Code   RO         2779    i.ADC_StartCalibration  stm32f10x_adc.o
    0x08000a0a   0x08000a0a   0x00000002   PAD
    0x08000a0c   0x08000a0c   0x000000b8   Code   RO         1188    i.ADS1292_Init      ads1292.o
    0x08000ac4   0x08000ac4   0x00000034   Code   RO         1189    i.ADS1292_Noise_Test  ads1292.o
    0x08000af8   0x08000af8   0x00000070   Code   RO         1190    i.ADS1292_PowerOnInit  ads1292.o
    0x08000b68   0x08000b68   0x00000030   Code   RO         1191    i.ADS1292_Read_Data  ads1292.o
    0x08000b98   0x08000b98   0x00000264   Code   RO         1192    i.ADS1292_SET_REGBUFF  ads1292.o
    0x08000dfc   0x08000dfc   0x0000000c   Code   RO         1193    i.ADS1292_SPI       ads1292.o
    0x08000e08   0x08000e08   0x00000030   Code   RO         1194    i.ADS1292_Send_CMD  ads1292.o
    0x08000e38   0x08000e38   0x00000030   Code   RO         1195    i.ADS1292_Single_Read  ads1292.o
    0x08000e68   0x08000e68   0x00000034   Code   RO         1196    i.ADS1292_Single_Test  ads1292.o
    0x08000e9c   0x08000e9c   0x000000e8   Code   RO         1197    i.ADS1292_WRITE_REGBUFF  ads1292.o
    0x08000f84   0x08000f84   0x0000007c   Code   RO         1198    i.ADS1292_WR_REGS   ads1292.o
    0x08001000   0x08001000   0x00000134   Code   RO            1    i.ANO_DT_Send_ADS   main.o
    0x08001134   0x08001134   0x00000140   Code   RO            2    i.ANO_DT_Send_Sensor  main.o
    0x08001274   0x08001274   0x000000ac   Code   RO            4    i.ANO_DT_Send_heartbeat  main.o
    0x08001320   0x08001320   0x00000094   Code   RO         1170    i.Adc_Init          adc.o
    0x080013b4   0x080013b4   0x00000004   Code   RO          212    i.BusFault_Handler  stm32f10x_it.o
    0x080013b8   0x080013b8   0x00000010   Code   RO         1321    i.CloseTimerForHc   timer.o
    0x080013c8   0x080013c8   0x00000002   Code   RO          213    i.DebugMon_Handler  stm32f10x_it.o
    0x080013ca   0x080013ca   0x00000002   PAD
    0x080013cc   0x080013cc   0x00000024   Code   RO         1455    i.DisableJTAG       sys.o
    0x080013f0   0x080013f0   0x000000d0   Code   RO          368    i.DrawChar          lcd.o
    0x080014c0   0x080014c0   0x0000001c   Code   RO          369    i.DrawPoint         lcd.o
    0x080014dc   0x080014dc   0x0000006e   Code   RO          370    i.Draw_String       lcd.o
    0x0800154a   0x0800154a   0x00000002   PAD
    0x0800154c   0x0800154c   0x00000058   Code   RO         1398    i.EXTI0_IRQHandler  exti.o
    0x080015a4   0x080015a4   0x0000003c   Code   RO         1399    i.EXTI4_IRQHandler  exti.o
    0x080015e0   0x080015e0   0x00000038   Code   RO         1199    i.EXTI9_5_IRQHandler  ads1292.o
    0x08001618   0x08001618   0x00000082   Code   RO         1400    i.EXTIX_Init        exti.o
    0x0800169a   0x0800169a   0x00000002   PAD
    0x0800169c   0x0800169c   0x0000000c   Code   RO         2969    i.EXTI_ClearITPendingBit  stm32f10x_exti.o
    0x080016a8   0x080016a8   0x00000094   Code   RO         2974    i.EXTI_Init         stm32f10x_exti.o
    0x0800173c   0x0800173c   0x000000e8   Code   RO            7    i.F2S               main.o
    0x08001824   0x08001824   0x00000040   Code   RO         1707    i.GPIO_EXTILineConfig  stm32f10x_gpio.o
    0x08001864   0x08001864   0x00000116   Code   RO         1710    i.GPIO_Init         stm32f10x_gpio.o
    0x0800197a   0x0800197a   0x00000002   PAD
    0x0800197c   0x0800197c   0x00000090   Code   RO         1712    i.GPIO_PinRemapConfig  stm32f10x_gpio.o
    0x08001a0c   0x08001a0c   0x00000012   Code   RO         1714    i.GPIO_ReadInputDataBit  stm32f10x_gpio.o
    0x08001a1e   0x08001a1e   0x00000004   Code   RO         1717    i.GPIO_ResetBits    stm32f10x_gpio.o
    0x08001a22   0x08001a22   0x00000004   Code   RO         1718    i.GPIO_SetBits      stm32f10x_gpio.o
    0x08001a26   0x08001a26   0x00000002   PAD
    0x08001a28   0x08001a28   0x00000034   Code   RO         1322    i.GetEchoTimer      timer.o
    0x08001a5c   0x08001a5c   0x00000034   Code   RO         1171    i.Get_Adc           adc.o
    0x08001a90   0x08001a90   0x00000004   Code   RO          214    i.HardFault_Handler  stm32f10x_it.o
    0x08001a94   0x08001a94   0x000000d8   Code   RO         1323    i.HeartRate_get     timer.o
    0x08001b6c   0x08001b6c   0x0000003c   Code   RO          347    i.KEY_Init          key.o
    0x08001ba8   0x08001ba8   0x0000002c   Code   RO          374    i.LCD_GPIO_Conf     lcd.o
    0x08001bd4   0x08001bd4   0x0000021e   Code   RO          375    i.LCD_Init          lcd.o
    0x08001df2   0x08001df2   0x00000002   PAD
    0x08001df4   0x08001df4   0x00000034   Code   RO          376    i.LCD_WriteData_16Bit  lcd.o
    0x08001e28   0x08001e28   0x0000002c   Code   RO          335    i.LED_Init          led.o
    0x08001e54   0x08001e54   0x0000005a   Code   RO          377    i.Lcd_SetRegion     lcd.o
    0x08001eae   0x08001eae   0x00000002   PAD
    0x08001eb0   0x08001eb0   0x0000002c   Code   RO          378    i.Lcd_WriteData     lcd.o
    0x08001edc   0x08001edc   0x0000002c   Code   RO          379    i.Lcd_WriteIndex    lcd.o
    0x08001f08   0x08001f08   0x00000068   Code   RO          577    i.MPU_Get_Temperature  mpu6050.o
    0x08001f70   0x08001f70   0x0000004c   Code   RO          515    i.MPU_IIC_Ack       mpuiic.o
    0x08001fbc   0x08001fbc   0x0000000a   Code   RO          516    i.MPU_IIC_Delay     mpuiic.o
    0x08001fc6   0x08001fc6   0x00000002   PAD
    0x08001fc8   0x08001fc8   0x00000038   Code   RO          517    i.MPU_IIC_Init      mpuiic.o
    0x08002000   0x08002000   0x0000004c   Code   RO          518    i.MPU_IIC_NAck      mpuiic.o
    0x0800204c   0x0800204c   0x0000006c   Code   RO          519    i.MPU_IIC_Read_Byte  mpuiic.o
    0x080020b8   0x080020b8   0x0000005c   Code   RO          520    i.MPU_IIC_Send_Byte  mpuiic.o
    0x08002114   0x08002114   0x00000048   Code   RO          521    i.MPU_IIC_Start     mpuiic.o
    0x0800215c   0x0800215c   0x00000048   Code   RO          522    i.MPU_IIC_Stop      mpuiic.o
    0x080021a4   0x080021a4   0x00000064   Code   RO          523    i.MPU_IIC_Wait_Ack  mpuiic.o
    0x08002208   0x08002208   0x000000c0   Code   RO          578    i.MPU_Init          mpu6050.o
    0x080022c8   0x080022c8   0x0000003a   Code   RO          579    i.MPU_Read_Byte     mpu6050.o
    0x08002302   0x08002302   0x00000074   Code   RO          580    i.MPU_Read_Len      mpu6050.o
    0x08002376   0x08002376   0x00000010   Code   RO          581    i.MPU_Set_Accel_Fsr  mpu6050.o
    0x08002386   0x08002386   0x00000010   Code   RO          582    i.MPU_Set_Gyro_Fsr  mpu6050.o
    0x08002396   0x08002396   0x0000003a   Code   RO          583    i.MPU_Set_LPF       mpu6050.o
    0x080023d0   0x080023d0   0x0000003a   Code   RO          584    i.MPU_Set_Rate      mpu6050.o
    0x0800240a   0x0800240a   0x00000044   Code   RO          585    i.MPU_Write_Byte    mpu6050.o
    0x0800244e   0x0800244e   0x00000060   Code   RO          586    i.MPU_Write_Len     mpu6050.o
    0x080024ae   0x080024ae   0x00000004   Code   RO          215    i.MemManage_Handler  stm32f10x_it.o
    0x080024b2   0x080024b2   0x00000002   Code   RO          216    i.NMI_Handler       stm32f10x_it.o
    0x080024b4   0x080024b4   0x00000070   Code   RO         1548    i.NVIC_Init         misc.o
    0x08002524   0x08002524   0x00000014   Code   RO         1549    i.NVIC_PriorityGroupConfig  misc.o
    0x08002538   0x08002538   0x00000024   Code   RO         1324    i.OpenTimerForHc    timer.o
    0x0800255c   0x0800255c   0x00000002   Code   RO          217    i.PendSV_Handler    stm32f10x_it.o
    0x0800255e   0x0800255e   0x00000002   PAD
    0x08002560   0x08002560   0x00000018   Code   RO         1818    i.RCC_ADCCLKConfig  stm32f10x_rcc.o
    0x08002578   0x08002578   0x00000020   Code   RO         1820    i.RCC_APB1PeriphClockCmd  stm32f10x_rcc.o
    0x08002598   0x08002598   0x00000020   Code   RO         1822    i.RCC_APB2PeriphClockCmd  stm32f10x_rcc.o
    0x080025b8   0x080025b8   0x00000020   Code   RO         1823    i.RCC_APB2PeriphResetCmd  stm32f10x_rcc.o
    0x080025d8   0x080025d8   0x000000d4   Code   RO         1830    i.RCC_GetClocksFreq  stm32f10x_rcc.o
    0x080026ac   0x080026ac   0x00000024   Code   RO          381    i.Reset             lcd.o
    0x080026d0   0x080026d0   0x00000080   Code   RO         1303    i.SPI2_Init         spi.o
    0x08002750   0x08002750   0x00000054   Code   RO         1304    i.SPI2_ReadWriteByte  spi.o
    0x080027a4   0x080027a4   0x00000018   Code   RO         3027    i.SPI_Cmd           stm32f10x_spi.o
    0x080027bc   0x080027bc   0x00000012   Code   RO         3035    i.SPI_I2S_GetFlagStatus  stm32f10x_spi.o
    0x080027ce   0x080027ce   0x00000006   Code   RO         3038    i.SPI_I2S_ReceiveData  stm32f10x_spi.o
    0x080027d4   0x080027d4   0x00000004   Code   RO         3039    i.SPI_I2S_SendData  stm32f10x_spi.o
    0x080027d8   0x080027d8   0x0000003c   Code   RO         3040    i.SPI_Init          stm32f10x_spi.o
    0x08002814   0x08002814   0x00000044   Code   RO          382    i.SPI_WriteData     lcd.o
    0x08002858   0x08002858   0x00000002   Code   RO          218    i.SVC_Handler       stm32f10x_it.o
    0x0800285a   0x0800285a   0x00000052   Code   RO          383    i.SetCursor         lcd.o
    0x080028ac   0x080028ac   0x00000008   Code   RO          301    i.SetSysClock       system_stm32f10x.o
    0x080028b4   0x080028b4   0x000000e0   Code   RO          302    i.SetSysClockTo72   system_stm32f10x.o
    0x08002994   0x08002994   0x00000052   Code   RO         1200    i.Set_ADS1292_Collect  ads1292.o
    0x080029e6   0x080029e6   0x00000028   Code   RO         1552    i.SysTick_CLKSourceConfig  misc.o
    0x08002a0e   0x08002a0e   0x00000002   Code   RO          219    i.SysTick_Handler   stm32f10x_it.o
    0x08002a10   0x08002a10   0x00000060   Code   RO          304    i.SystemInit        system_stm32f10x.o
    0x08002a70   0x08002a70   0x00000018   Code   RO         1325    i.TIM2_IRQHandler   timer.o
    0x08002a88   0x08002a88   0x00000072   Code   RO         1326    i.TIM2_Init         timer.o
    0x08002afa   0x08002afa   0x00000002   PAD
    0x08002afc   0x08002afc   0x0000003c   Code   RO         1327    i.TIM3_IRQHandler   timer.o
    0x08002b38   0x08002b38   0x00000038   Code   RO         3166    i.TIM4_IRQHandler   usmart.o
    0x08002b70   0x08002b70   0x0000002c   Code   RO         1329    i.TIM5_IRQHandler   timer.o
    0x08002b9c   0x08002b9c   0x00000054   Code   RO         1330    i.TIM5_Init         timer.o
    0x08002bf0   0x08002bf0   0x00000022   Code   RO         1331    i.TIM5_NVIC         timer.o
    0x08002c12   0x08002c12   0x00000006   Code   RO         2208    i.TIM_ClearFlag     stm32f10x_tim.o
    0x08002c18   0x08002c18   0x00000006   Code   RO         2209    i.TIM_ClearITPendingBit  stm32f10x_tim.o
    0x08002c1e   0x08002c1e   0x00000018   Code   RO         2214    i.TIM_Cmd           stm32f10x_tim.o
    0x08002c36   0x08002c36   0x00000006   Code   RO         2233    i.TIM_GetCounter    stm32f10x_tim.o
    0x08002c3c   0x08002c3c   0x00000012   Code   RO         2234    i.TIM_GetFlagStatus  stm32f10x_tim.o
    0x08002c4e   0x08002c4e   0x00000022   Code   RO         2235    i.TIM_GetITStatus   stm32f10x_tim.o
    0x08002c70   0x08002c70   0x00000012   Code   RO         2239    i.TIM_ITConfig      stm32f10x_tim.o
    0x08002c82   0x08002c82   0x00000004   Code   RO         2273    i.TIM_SetAutoreload  stm32f10x_tim.o
    0x08002c86   0x08002c86   0x00000004   Code   RO         2279    i.TIM_SetCounter    stm32f10x_tim.o
    0x08002c8a   0x08002c8a   0x00000002   PAD
    0x08002c8c   0x08002c8c   0x000000a4   Code   RO         2285    i.TIM_TimeBaseInit  stm32f10x_tim.o
    0x08002d30   0x08002d30   0x0000005c   Code   RO         3167    i.Timer4_Init       usmart.o
    0x08002d8c   0x08002d8c   0x00000088   Code   RO         1489    i.USART1_IRQHandler  usart.o
    0x08002e14   0x08002e14   0x00000018   Code   RO         2022    i.USART_Cmd         stm32f10x_usart.o
    0x08002e2c   0x08002e2c   0x00000054   Code   RO         2026    i.USART_GetITStatus  stm32f10x_usart.o
    0x08002e80   0x08002e80   0x0000004a   Code   RO         2028    i.USART_ITConfig    stm32f10x_usart.o
    0x08002eca   0x08002eca   0x00000002   PAD
    0x08002ecc   0x08002ecc   0x000000d8   Code   RO         2029    i.USART_Init        stm32f10x_usart.o
    0x08002fa4   0x08002fa4   0x0000000a   Code   RO         2036    i.USART_ReceiveData  stm32f10x_usart.o
    0x08002fae   0x08002fae   0x00000008   Code   RO         2039    i.USART_SendData    stm32f10x_usart.o
    0x08002fb6   0x08002fb6   0x00000004   Code   RO          220    i.UsageFault_Handler  stm32f10x_it.o
    0x08002fba   0x08002fba   0x0000000e   Code   RO         3376    i._is_digit         c_w.l(__printf_wp.o)
    0x08002fc8   0x08002fc8   0x00000006   Code   RO         1490    i._sys_exit         usart.o
    0x08002fce   0x08002fce   0x00000002   PAD
    0x08002fd0   0x08002fd0   0x00000044   Code   RO         1428    i.delay_init        delay.o
    0x08003014   0x08003014   0x0000004c   Code   RO         1429    i.delay_ms          delay.o
    0x08003060   0x08003060   0x0000004c   Code   RO         1430    i.delay_us          delay.o
    0x080030ac   0x080030ac   0x0000003c   Code   RO          985    i.dmp_enable_6x_lp_quat  inv_mpu_dmp_motion_driver.o
    0x080030e8   0x080030e8   0x0000021c   Code   RO          986    i.dmp_enable_feature  inv_mpu_dmp_motion_driver.o
    0x08003304   0x08003304   0x00000058   Code   RO          987    i.dmp_enable_gyro_cal  inv_mpu_dmp_motion_driver.o
    0x0800335c   0x0800335c   0x0000003c   Code   RO          988    i.dmp_enable_lp_quat  inv_mpu_dmp_motion_driver.o
    0x08003398   0x08003398   0x00000042   Code   RO          991    i.dmp_get_pedometer_step_count  inv_mpu_dmp_motion_driver.o
    0x080033da   0x080033da   0x00000002   PAD
    0x080033dc   0x080033dc   0x00000018   Code   RO          993    i.dmp_load_motion_driver_firmware  inv_mpu_dmp_motion_driver.o
    0x080033f4   0x080033f4   0x00000070   Code   RO          998    i.dmp_set_fifo_rate  inv_mpu_dmp_motion_driver.o
    0x08003464   0x08003464   0x00000138   Code   RO         1001    i.dmp_set_orientation  inv_mpu_dmp_motion_driver.o
    0x0800359c   0x0800359c   0x0000002a   Code   RO         1002    i.dmp_set_pedometer_step_count  inv_mpu_dmp_motion_driver.o
    0x080035c6   0x080035c6   0x00000038   Code   RO         1004    i.dmp_set_shake_reject_thresh  inv_mpu_dmp_motion_driver.o
    0x080035fe   0x080035fe   0x00000026   Code   RO         1005    i.dmp_set_shake_reject_time  inv_mpu_dmp_motion_driver.o
    0x08003624   0x08003624   0x00000026   Code   RO         1006    i.dmp_set_shake_reject_timeout  inv_mpu_dmp_motion_driver.o
    0x0800364a   0x0800364a   0x00000046   Code   RO         1007    i.dmp_set_tap_axes  inv_mpu_dmp_motion_driver.o
    0x08003690   0x08003690   0x00000026   Code   RO         1008    i.dmp_set_tap_count  inv_mpu_dmp_motion_driver.o
    0x080036b6   0x080036b6   0x00000002   PAD
    0x080036b8   0x080036b8   0x000001a0   Code   RO         1009    i.dmp_set_tap_thresh  inv_mpu_dmp_motion_driver.o
    0x08003858   0x08003858   0x00000026   Code   RO         1010    i.dmp_set_tap_time  inv_mpu_dmp_motion_driver.o
    0x0800387e   0x0800387e   0x00000026   Code   RO         1011    i.dmp_set_tap_time_multi  inv_mpu_dmp_motion_driver.o
    0x080038a4   0x080038a4   0x00000030   Code   RO          385    i.dsp_single_colour  lcd.o
    0x080038d4   0x080038d4   0x0000001c   Code   RO         1491    i.fputc             usart.o
    0x080038f0   0x080038f0   0x00000118   Code   RO            8    i.get_temp          main.o
    0x08003a08   0x08003a08   0x0000000a   Code   RO            9    i.get_volt          main.o
    0x08003a12   0x08003a12   0x00000028   Code   RO          657    i.inv_orientation_matrix_to_scalar  inv_mpu.o
    0x08003a3a   0x08003a3a   0x0000004e   Code   RO          658    i.inv_row_2_scale   inv_mpu.o
    0x08003a88   0x08003a88   0x000004a8   Code   RO           10    i.main              main.o
    0x08003f30   0x08003f30   0x00000070   Code   RO          660    i.mpu_configure_fifo  inv_mpu.o
    0x08003fa0   0x08003fa0   0x00000094   Code   RO          662    i.mpu_dmp_init      inv_mpu.o
    0x08004034   0x08004034   0x0000004c   Code   RO          663    i.mpu_get_accel_fsr  inv_mpu.o
    0x08004080   0x08004080   0x000001f0   Code   RO          679    i.mpu_init          inv_mpu.o
    0x08004270   0x08004270   0x000000b8   Code   RO          680    i.mpu_load_firmware  inv_mpu.o
    0x08004328   0x08004328   0x000000e0   Code   RO          681    i.mpu_lp_accel_mode  inv_mpu.o
    0x08004408   0x08004408   0x00000080   Code   RO          685    i.mpu_read_mem      inv_mpu.o
    0x08004488   0x08004488   0x000001c8   Code   RO          688    i.mpu_reset_fifo    inv_mpu.o
    0x08004650   0x08004650   0x00000084   Code   RO          691    i.mpu_set_accel_fsr  inv_mpu.o
    0x080046d4   0x080046d4   0x0000014c   Code   RO          692    i.mpu_set_bypass    inv_mpu.o
    0x08004820   0x08004820   0x00000090   Code   RO          694    i.mpu_set_dmp_state  inv_mpu.o
    0x080048b0   0x080048b0   0x00000088   Code   RO          695    i.mpu_set_gyro_fsr  inv_mpu.o
    0x08004938   0x08004938   0x0000006c   Code   RO          696    i.mpu_set_int_latched  inv_mpu.o
    0x080049a4   0x080049a4   0x00000084   Code   RO          698    i.mpu_set_lpf       inv_mpu.o
    0x08004a28   0x08004a28   0x0000009c   Code   RO          699    i.mpu_set_sample_rate  inv_mpu.o
    0x08004ac4   0x08004ac4   0x000000d0   Code   RO          700    i.mpu_set_sensors   inv_mpu.o
    0x08004b94   0x08004b94   0x00000080   Code   RO          701    i.mpu_write_mem     inv_mpu.o
    0x08004c14   0x08004c14   0x00000006   Code   RO         3168    i.read_addr         usmart.o
    0x08004c1a   0x08004c1a   0x00000002   PAD
    0x08004c1c   0x08004c1c   0x00000090   Code   RO          703    i.set_int_enable    inv_mpu.o
    0x08004cac   0x08004cac   0x000000a0   Code   RO         1492    i.uart_init         usart.o
    0x08004d4c   0x08004d4c   0x000000b0   Code   RO         3169    i.usmart_cmd_rec    usmart.o
    0x08004dfc   0x08004dfc   0x000002d4   Code   RO         3170    i.usmart_exe        usmart.o
    0x080050d0   0x080050d0   0x000000c8   Code   RO         3255    i.usmart_get_aparm  usmart_str.o
    0x08005198   0x08005198   0x00000036   Code   RO         3256    i.usmart_get_cmdname  usmart_str.o
    0x080051ce   0x080051ce   0x00000002   PAD
    0x080051d0   0x080051d0   0x000001c0   Code   RO         3257    i.usmart_get_fname  usmart_str.o
    0x08005390   0x08005390   0x0000010c   Code   RO         3258    i.usmart_get_fparam  usmart_str.o
    0x0800549c   0x0800549c   0x00000020   Code   RO         3259    i.usmart_get_parmpos  usmart_str.o
    0x080054bc   0x080054bc   0x00000044   Code   RO         3171    i.usmart_get_runtime  usmart.o
    0x08005500   0x08005500   0x00000028   Code   RO         3172    i.usmart_init       usmart.o
    0x08005528   0x08005528   0x00000016   Code   RO         3260    i.usmart_pow        usmart_str.o
    0x0800553e   0x0800553e   0x00000002   PAD
    0x08005540   0x08005540   0x00000030   Code   RO         3173    i.usmart_reset_runtime  usmart.o
    0x08005570   0x08005570   0x000000bc   Code   RO         3174    i.usmart_scan       usmart.o
    0x0800562c   0x0800562c   0x00000016   Code   RO         3261    i.usmart_search_nextc  usmart_str.o
    0x08005642   0x08005642   0x000000ca   Code   RO         3262    i.usmart_str2num    usmart_str.o
    0x0800570c   0x0800570c   0x00000022   Code   RO         3263    i.usmart_strcmp     usmart_str.o
    0x0800572e   0x0800572e   0x00000016   Code   RO         3264    i.usmart_strcopy    usmart_str.o
    0x08005744   0x08005744   0x00000018   Code   RO         3265    i.usmart_strlen     usmart_str.o
    0x0800575c   0x0800575c   0x000006e4   Code   RO         3175    i.usmart_sys_cmd_exe  usmart.o
    0x08005e40   0x08005e40   0x00000004   Code   RO         3176    i.write_addr        usmart.o
    0x08005e44   0x08005e44   0x00000062   Code   RO         3404    x$fpl$d2f           fz_ws.l(d2f.o)
    0x08005ea6   0x08005ea6   0x00000002   PAD
    0x08005ea8   0x08005ea8   0x00000150   Code   RO         3406    x$fpl$dadd          fz_ws.l(daddsub_clz.o)
    0x08005ff8   0x08005ff8   0x000002b0   Code   RO         3413    x$fpl$ddiv          fz_ws.l(ddiv.o)
    0x080062a8   0x080062a8   0x0000002e   Code   RO         3417    x$fpl$dflt          fz_ws.l(dflt_clz.o)
    0x080062d6   0x080062d6   0x00000002   PAD
    0x080062d8   0x080062d8   0x00000154   Code   RO         3422    x$fpl$dmul          fz_ws.l(dmul.o)
    0x0800642c   0x0800642c   0x0000009c   Code   RO         3492    x$fpl$dnaninf       fz_ws.l(dnaninf.o)
    0x080064c8   0x080064c8   0x0000000c   Code   RO         3494    x$fpl$dretinf       fz_ws.l(dretinf.o)
    0x080064d4   0x080064d4   0x000001d4   Code   RO         3408    x$fpl$dsub          fz_ws.l(daddsub_clz.o)
    0x080066a8   0x080066a8   0x00000056   Code   RO         3424    x$fpl$f2d           fz_ws.l(f2d.o)
    0x080066fe   0x080066fe   0x00000002   PAD
    0x08006700   0x08006700   0x000000c4   Code   RO         3426    x$fpl$fadd          fz_ws.l(faddsub_clz.o)
    0x080067c4   0x080067c4   0x00000018   Code   RO         3496    x$fpl$fcmpinf       fz_ws.l(fcmpi.o)
    0x080067dc   0x080067dc   0x00000184   Code   RO         3433    x$fpl$fdiv          fz_ws.l(fdiv.o)
    0x08006960   0x08006960   0x00000068   Code   RO         3436    x$fpl$feqf          fz_ws.l(feqf.o)
    0x080069c8   0x080069c8   0x00000036   Code   RO         3438    x$fpl$ffix          fz_ws.l(ffix.o)
    0x080069fe   0x080069fe   0x00000002   PAD
    0x08006a00   0x08006a00   0x0000003e   Code   RO         3442    x$fpl$ffixu         fz_ws.l(ffixu.o)
    0x08006a3e   0x08006a3e   0x00000002   PAD
    0x08006a40   0x08006a40   0x00000030   Code   RO         3447    x$fpl$fflt          fz_ws.l(fflt_clz.o)
    0x08006a70   0x08006a70   0x00000026   Code   RO         3446    x$fpl$ffltu         fz_ws.l(fflt_clz.o)
    0x08006a96   0x08006a96   0x00000002   PAD
    0x08006a98   0x08006a98   0x00000068   Code   RO         3452    x$fpl$fleqf         fz_ws.l(fleqf.o)
    0x08006b00   0x08006b00   0x00000102   Code   RO         3454    x$fpl$fmul          fz_ws.l(fmul.o)
    0x08006c02   0x08006c02   0x0000008c   Code   RO         3498    x$fpl$fnaninf       fz_ws.l(fnaninf.o)
    0x08006c8e   0x08006c8e   0x0000000a   Code   RO         3500    x$fpl$fretinf       fz_ws.l(fretinf.o)
    0x08006c98   0x08006c98   0x00000062   Code   RO         3456    x$fpl$frleqf        fz_ws.l(frleqf.o)
    0x08006cfa   0x08006cfa   0x00000014   Code   RO         3427    x$fpl$frsb          fz_ws.l(faddsub_clz.o)
    0x08006d0e   0x08006d0e   0x00000002   PAD
    0x08006d10   0x08006d10   0x000000ea   Code   RO         3428    x$fpl$fsub          fz_ws.l(faddsub_clz.o)
    0x08006dfa   0x08006dfa   0x00000000   Code   RO         3504    x$fpl$usenofp       fz_ws.l(usenofp.o)
    0x08006dfa   0x08006dfa   0x000005f0   Data   RO          387    .constdata          lcd.o
    0x080073ea   0x080073ea   0x00000002   PAD
    0x080073ec   0x080073ec   0x00000050   Data   RO          705    .constdata          inv_mpu.o
    0x0800743c   0x0800743c   0x00000bf6   Data   RO         1013    .constdata          inv_mpu_dmp_motion_driver.o
    0x08008032   0x08008032   0x00000028   Data   RO         3349    .constdata          c_w.l(_printf_hex_int.o)
    0x0800805a   0x0800805a   0x00000011   Data   RO         3384    .constdata          c_w.l(__printf_flags_ss_wp.o)
    0x0800806b   0x0800806b   0x00000001   PAD
    0x0800806c   0x0800806c   0x0000004d   Data   RO          706    .conststring        inv_mpu.o
    0x080080b9   0x080080b9   0x00000003   PAD
    0x080080bc   0x080080bc   0x00000028   Data   RO         3177    .conststring        usmart.o
    0x080080e4   0x080080e4   0x000000cb   Data   RO         3242    .conststring        usmart_config.o
    0x080081af   0x080081af   0x00000001   PAD
    0x080081b0   0x080081b0   0x00000020   Data   RO         3725    Region$$Table       anon$$obj.o


    Execution Region RW_IRAM1 (Exec base: 0x20000000, Load base: 0x080081d0, Size: 0x00000938, Max: 0x00010000, ABSOLUTE, COMPRESSED[0x0000009c])

    Exec Addr    Load Addr    Size         Type   Attr      Idx    E Section Name        Object

    0x20000000   COMPRESSED   0x00000014   Data   RW          305    .data               system_stm32f10x.o
    0x20000014   COMPRESSED   0x00000035   Data   RW          707    .data               inv_mpu.o
    0x20000049   COMPRESSED   0x00000020   Data   RW         1202    .data               ads1292.o
    0x20000069   COMPRESSED   0x00000003   PAD
    0x2000006c   COMPRESSED   0x00000004   Data   RW         1332    .data               timer.o
    0x20000070   COMPRESSED   0x0000000c   Data   RW         1401    .data               exti.o
    0x2000007c   COMPRESSED   0x00000004   Data   RW         1431    .data               delay.o
    0x20000080   COMPRESSED   0x00000006   Data   RW         1494    .data               usart.o
    0x20000086   COMPRESSED   0x00000014   Data   RW         1850    .data               stm32f10x_rcc.o
    0x2000009a   COMPRESSED   0x00000002   PAD
    0x2000009c   COMPRESSED   0x0000001c   Data   RW         3178    .data               usmart.o
    0x200000b8   COMPRESSED   0x0000012c   Data   RW         3243    .data               usmart_config.o
    0x200001e4        -       0x00000010   Zero   RW         1012    .bss                inv_mpu_dmp_motion_driver.o
    0x200001f4        -       0x00000015   Zero   RW         1201    .bss                ads1292.o
    0x20000209        -       0x000000c8   Zero   RW         1493    .bss                usart.o
    0x200002d1   COMPRESSED   0x00000003   PAD
    0x200002d4        -       0x00000060   Zero   RW         3579    .bss                c_w.l(libspace.o)
    0x20000334   COMPRESSED   0x00000004   PAD
    0x20000338        -       0x00000200   Zero   RW         1542    HEAP                startup_stm32f10x_hd.o
    0x20000538        -       0x00000400   Zero   RW         1541    STACK               startup_stm32f10x_hd.o


==============================================================================

Image component sizes


      Code (inc. data)   RO Data    RW Data    ZI Data      Debug   Object Name

       200         14          0          0          0       1085   adc.o
      1662        240          0         32         21      11799   ads1292.o
       220         26          0          4          0       1623   delay.o
       278         42          0         12          0       1630   exti.o
      3562        172        157         53          0      18682   inv_mpu.o
      2036         98       3062          0         16      17963   inv_mpu_dmp_motion_driver.o
        60          8          0          0          0        471   key.o
      1396         36       1520          0          0       8996   lcd.o
        44          6          0          0          0        459   led.o
      2514        232          0          0          0     276162   main.o
       172         22          0          0          0       1953   misc.o
       782         30          0          0          0       6613   mpu6050.o
       662        100          0          0          0       4614   mpuiic.o
       212         14          0          0          0       1201   spi.o
        64         26        304          0       1536        776   startup_stm32f10x_hd.o
       486         24          0          0          0       8294   stm32f10x_adc.o
       160         12          0          0          0       1425   stm32f10x_exti.o
       512         10          0          0          0       4928   stm32f10x_gpio.o
        26          0          0          0          0       3470   stm32f10x_it.o
       332         44          0         20          0       5374   stm32f10x_rcc.o
       112          0          0          0          0       3678   stm32f10x_spi.o
       284         42          0          0          0       6028   stm32f10x_tim.o
       416          6          0          0          0       5351   stm32f10x_usart.o
        36          8          0          0          0        458   sys.o
       328         28          0         20          0       1957   system_stm32f10x.o
       680         62          0          4          0       5425   timer.o
       330         28          0          6        200       3992   usart.o
      3166       1330         40         28          0       7234   usmart.o
         0          0        203        300          0       1508   usmart_config.o
      1328         20          0          0          0       8161   usmart_str.o

    ----------------------------------------------------------------------
     22102       2680       5324        484       1776     421310   Object Totals
         0          0         32          0          0          0   (incl. Generated)
        42          0          6          5          3          0   (incl. Padding)

    ----------------------------------------------------------------------

      Code (inc. data)   RO Data    RW Data    ZI Data      Debug   Library Member Name

        90          0          0          0          0          0   __dczerorl2.o
         8          0          0          0          0         68   __main.o
       392          4         17          0          0         92   __printf_flags_ss_wp.o
        14          0          0          0          0         68   __printf_wp.o
         0          0          0          0          0          0   __rtentry.o
        12          0          0          0          0          0   __rtentry2.o
         6          0          0          0          0          0   __rtentry4.o
        52          8          0          0          0          0   __scatter.o
        28          0          0          0          0          0   __scatter_zi.o
         6          0          0          0          0          0   _printf_c.o
        44          0          0          0          0        108   _printf_char.o
        48          6          0          0          0         96   _printf_char_common.o
        36          4          0          0          0         80   _printf_char_file.o
         6          0          0          0          0          0   _printf_d.o
       120         16          0          0          0         92   _printf_dec.o
        88          4         40          0          0         88   _printf_hex_int.o
       178          0          0          0          0         88   _printf_intcommon.o
        78          0          0          0          0        108   _printf_pad.o
         0          0          0          0          0          0   _printf_percent.o
         4          0          0          0          0          0   _printf_percent_end.o
         6          0          0          0          0          0   _printf_s.o
        82          0          0          0          0         80   _printf_str.o
         6          0          0          0          0          0   _printf_u.o
         6          0          0          0          0          0   _printf_x.o
        16          0          0          0          0         68   aeabi_memset.o
        18          0          0          0          0         80   exit.o
         8          0          0          0          0         68   ferror.o
         6          0          0          0          0        152   heapauxi.o
         2          0          0          0          0          0   libinit.o
         2          0          0          0          0          0   libinit2.o
         2          0          0          0          0          0   libshutdown.o
         2          0          0          0          0          0   libshutdown2.o
         8          4          0          0         96         68   libspace.o
        88          0          0          0          0         76   memcmp.o
        24          4          0          0          0         84   noretval__2printf.o
        68          0          0          0          0         68   rt_memclr.o
        78          0          0          0          0         80   rt_memclr_w.o
         2          0          0          0          0          0   rtexit.o
        10          0          0          0          0          0   rtexit2.o
        74          0          0          0          0         80   sys_stackheap_outer.o
         2          0          0          0          0         68   use_no_semi.o
         2          0          0          0          0         68   use_no_semi_2.o
        98          4          0          0          0         92   d2f.o
       804         16          0          0          0        272   daddsub_clz.o
       688        140          0          0          0        208   ddiv.o
        46          0          0          0          0         68   dflt_clz.o
       340         12          0          0          0        104   dmul.o
       156          4          0          0          0         92   dnaninf.o
        12          0          0          0          0         68   dretinf.o
        86          4          0          0          0         84   f2d.o
       450          8          0          0          0        236   faddsub_clz.o
        24          0          0          0          0         68   fcmpi.o
       388         76          0          0          0         96   fdiv.o
       104          4          0          0          0         84   feqf.o
        54          4          0          0          0         84   ffix.o
        62          4          0          0          0         84   ffixu.o
        86          0          0          0          0        136   fflt_clz.o
       104          4          0          0          0         84   fleqf.o
       258          4          0          0          0         84   fmul.o
       140          4          0          0          0         84   fnaninf.o
        10          0          0          0          0         68   fretinf.o
        98          0          0          0          0         68   frleqf.o
         0          0          0          0          0          0   usenofp.o

    ----------------------------------------------------------------------
      5748        338         58          0        100       4092   Library Totals
        18          0          1          0          4          0   (incl. Padding)

    ----------------------------------------------------------------------

      Code (inc. data)   RO Data    RW Data    ZI Data      Debug   Library Name

      1722         50         57          0         96       1928   c_w.l
      4008        288          0          0          0       2164   fz_ws.l

    ----------------------------------------------------------------------
      5748        338         58          0        100       4092   Library Totals

    ----------------------------------------------------------------------

==============================================================================


      Code (inc. data)   RO Data    RW Data    ZI Data      Debug   

     27850       3018       5382        484       1876     413074   Grand Totals
     27850       3018       5382        156       1876     413074   ELF Image Totals (compressed)
     27850       3018       5382        156          0          0   ROM Totals

==============================================================================

    Total RO  Size (Code + RO Data)                33232 (  32.45kB)
    Total RW  Size (RW Data + ZI Data)              2360 (   2.30kB)
    Total ROM Size (Code + RO Data + RW Data)      33388 (  32.61kB)

==============================================================================

